 native

 Timestamp is 5b4a88af (Sat Jul 14 19:35:11 2018)

 Preferred load address is 0000000180000000

 Start         Length     Name                   Class
 0001:00000000 0000b300H .text$mn                CODE
 0001:0000b300 000000e0H .text$mn$00             CODE
 0001:0000b3e0 00000260H .text$x                 CODE
 0002:00000000 00000248H .idata$5                DATA
 0002:00000248 00000020H .00cfg                  DATA
 0002:00000268 00000008H .CRT$XCA                DATA
 0002:00000270 00000008H .CRT$XCU                DATA
 0002:00000278 00000008H .CRT$XCZ                DATA
 0002:00000280 00000008H .CRT$XIA                DATA
 0002:00000288 00000018H .CRT$XIC                DATA
 0002:000002a0 00000008H .CRT$XIZ                DATA
 0002:000002a8 00000008H .CRT$XPA                DATA
 0002:000002b0 00000010H .CRT$XPX                DATA
 0002:000002c0 00000008H .CRT$XPXA               DATA
 0002:000002c8 00000008H .CRT$XPZ                DATA
 0002:000002d0 00000008H .CRT$XTA                DATA
 0002:000002d8 00000008H .CRT$XTZ                DATA
 0002:000002e0 00000000H .gfids$y                DATA
 0002:000002e0 000071d0H .rdata                  DATA
 0002:000074b0 000001f4H .rdata$r                DATA
 0002:000076a4 000003acH .rdata$zzzdbg           DATA
 0002:00007a50 00000008H .rtc$IAA                DATA
 0002:00007a58 00000008H .rtc$IZZ                DATA
 0002:00007a60 00000008H .rtc$TAA                DATA
 0002:00007a68 00000008H .rtc$TZZ                DATA
 0002:00007a70 00000b08H .xdata                  DATA
 0002:00008578 000000ecH .xdata$x                DATA
 0002:00008664 00000020H .didat$2                DATA
 0002:00008684 00000024H .didat$3                DATA
 0002:000086a8 000000d0H .didat$4                DATA
 0002:00008778 000006d0H .didat$6                DATA
 0002:00008e48 000000d8H .didat$7                DATA
 0002:00008f20 00000050H .edata                  DATA
 0002:00008f70 00000014H .idata$2                DATA
 0002:00008f84 00000014H .idata$3                DATA
 0002:00008f98 00000248H .idata$4                DATA
 0002:000091e0 0000054eH .idata$6                DATA
 0003:00000000 00000930H .data                   DATA
 0003:00000930 000000a0H .data$r                 DATA
 0003:000009d0 000000d0H .didat$5                DATA
 0003:00000aa0 000011f0H .bss                    DATA
 0004:00000000 00000e10H .pdata                  DATA
 0005:00000000 00000060H .rsrc$01                DATA
 0005:00000060 00000180H .rsrc$02                DATA

  Address         Publics by Value              Rva+Base               Lib:Object

 0000:00000000       __guard_iat_count          0000000000000000     <absolute>
 0000:00000000       __dynamic_value_reloc_table 0000000000000000     <absolute>
 0000:00000000       __hybrid_code_map          0000000000000000     <absolute>
 0000:00000000       __hybrid_code_map_count    0000000000000000     <absolute>
 0000:00000000       __guard_iat_table          0000000000000000     <absolute>
 0000:00000000       __guard_longjmp_table      0000000000000000     <absolute>
 0000:00000000       __hybrid_auxiliary_iat     0000000000000000     <absolute>
 0000:00000000       __guard_longjmp_count      0000000000000000     <absolute>
 0000:00000000       __guard_fids_count         0000000000000000     <absolute>
 0000:00000000       __enclave_config           0000000000000000     <absolute>
 0000:00000000       ___safe_se_handler_table   0000000000000000     <absolute>
 0000:00000000       ___safe_se_handler_count   0000000000000000     <absolute>
 0000:00000000       __guard_fids_table         0000000000000000     <absolute>
 0000:00000100       __guard_flags              0000000000000100     <absolute>
 0000:00000000       __ImageBase                0000000180000000     <linker-defined>
 0001:000000e0       ?Method@@YAXAEBV?$FunctionCallbackInfo@VValue@v8@@@Nan@@@Z 00000001800010e0 f   native.obj
 0001:00000220       ?Init@@YAXV?$Local@VObject@v8@@@v8@@@Z 0000000180001220 f   native.obj
 0001:0000043c       __imp_load_?Value@External@v8@@QEBAPEAXXZ 000000018000143c f   node:node.exe
 0001:00000448       __tailMerge_node_exe       0000000180001448     node:node.exe
 0001:000004c1       __imp_load_?New@External@v8@@SA?AV?$Local@VExternal@v8@@@2@PEAVIsolate@2@PEAX@Z 00000001800014c1 f   node:node.exe
 0001:000004cd       __imp_load_?ThrowException@Isolate@v8@@QEAA?AV?$Local@VValue@v8@@@2@V32@@Z 00000001800014cd f   node:node.exe
 0001:000004d9       __imp_load_?GetCurrentContext@Isolate@v8@@QEAA?AV?$Local@VContext@v8@@@2@XZ 00000001800014d9 f   node:node.exe
 0001:000004e5       __imp_load_?GetCurrent@Isolate@v8@@SAPEAV12@XZ 00000001800014e5 f   node:node.exe
 0001:000004f1       __imp_load_?CreateHandle@HandleScope@v8@@CAPEAPEAVObject@internal@2@PEAVHeapObject@42@PEAV342@@Z 00000001800014f1 f   node:node.exe
 0001:000004fd       __imp_load_??1HandleScope@v8@@QEAA@XZ 00000001800014fd f   node:node.exe
 0001:00000509       __imp_load_??0HandleScope@v8@@QEAA@PEAVIsolate@1@@Z 0000000180001509 f   node:node.exe
 0001:00000515       __imp_load_?TypeError@Exception@v8@@SA?AV?$Local@VValue@v8@@@2@V?$Local@VString@v8@@@2@@Z 0000000180001515 f   node:node.exe
 0001:00000521       __imp_load_?GetFunction@FunctionTemplate@v8@@QEAA?AV?$Local@VFunction@v8@@@2@XZ 0000000180001521 f   node:node.exe
 0001:0000052d       __imp_load_?New@FunctionTemplate@v8@@SA?AV?$Local@VFunctionTemplate@v8@@@2@PEAVIsolate@2@P6AXAEBV?$FunctionCallbackInfo@VValue@v8@@@2@@ZV?$Local@VValue@v8@@@2@V?$Local@VSignature@v8@@@2@HW4ConstructorBehavior@2@W4SideEffectType@2@@Z 000000018000152d f   node:node.exe
 0001:00000539       __imp_load_?ToLocalEmpty@V8@v8@@CAXXZ 0000000180001539 f   node:node.exe
 0001:00000545       __imp_load_?Escape@EscapableHandleScope@v8@@AEAAPEAPEAVObject@internal@2@PEAPEAV342@@Z 0000000180001545 f   node:node.exe
 0001:00000551       __imp_load_??0EscapableHandleScope@v8@@QEAA@PEAVIsolate@1@@Z 0000000180001551 f   node:node.exe
 0001:0000055d       __imp_load_?NewFromUtf8@String@v8@@SA?AV?$MaybeLocal@VString@v8@@@2@PEAVIsolate@2@PEBDW4NewStringType@2@H@Z 000000018000155d f   node:node.exe
 0001:00000569       __imp_load_?SlowGetInternalField@Object@v8@@AEAA?AV?$Local@VValue@v8@@@2@H@Z 0000000180001569 f   node:node.exe
 0001:00000575       __imp_load_?SetInternalField@Object@v8@@QEAAXHV?$Local@VValue@v8@@@2@@Z 0000000180001575 f   node:node.exe
 0001:00000581       __imp_load_?Set@Object@v8@@QEAA_NV?$Local@VValue@v8@@@2@0@Z 0000000180001581 f   node:node.exe
 0001:0000058d       __imp_load_?SetInternalFieldCount@ObjectTemplate@v8@@QEAAXH@Z 000000018000158d f   node:node.exe
 0001:00000599       __imp_load_?NewInstance@ObjectTemplate@v8@@QEAA?AV?$MaybeLocal@VObject@v8@@@2@V?$Local@VContext@v8@@@2@@Z 0000000180001599 f   node:node.exe
 0001:000005a5       __imp_load_?New@ObjectTemplate@v8@@SA?AV?$Local@VObjectTemplate@v8@@@2@PEAVIsolate@2@V?$Local@VFunctionTemplate@v8@@@2@@Z 00000001800015a5 f   node:node.exe
 0001:000005b1       __imp_load_node_module_register 00000001800015b1 f   node:node.exe
 0001:000005bd       __imp_load_?New@Buffer@node@@YA?AV?$MaybeLocal@VObject@v8@@@v8@@PEAVIsolate@4@PEAD_K@Z 00000001800015bd f   node:node.exe
 0001:000005c9       __imp_load_?Data@Buffer@node@@YAPEADV?$Local@VObject@v8@@@v8@@@Z 00000001800015c9 f   node:node.exe
 0001:000005d5       __imp_load_?ToObject@Value@v8@@QEBA?AV?$Local@VObject@v8@@@2@XZ 00000001800015d5 f   node:node.exe
 0001:00000600       __security_check_cookie    0000000180001600 f   LIBCMT:_amdsecgs_.obj
 0001:00000624       ??_U@YAPEAX_K@Z            0000000180001624 f   LIBCMT:new_array.obj
 0001:00000970       _DllMainCRTStartup         0000000180001970 f   LIBCMT:dll_dllmain.obj
 0001:000009b0       __raise_securityfailure    00000001800019b0 f   LIBCMT:gs_report.obj
 0001:000009e4       __report_gsfailure         00000001800019e4 f   LIBCMT:gs_report.obj
 0001:00000ab8       __report_rangecheckfailure 0000000180001ab8 f   LIBCMT:gs_report.obj
 0001:00000acc       __report_securityfailure   0000000180001acc f   LIBCMT:gs_report.obj
 0001:00000c4c       ??2@YAPEAX_K@Z             0000000180001c4c f   LIBCMT:new_scalar.obj
 0001:00000c88       __security_init_cookie     0000000180001c88 f   LIBCMT:gs_support.obj
 0001:00000d38       _get_startup_argv_mode     0000000180001d38 f   LIBCMT:argv_mode.obj
 0001:00000d38       DllMain                    0000000180001d38 f   LIBCMT:dll_dllmain_stub.obj
 0001:00000d40       ?__scrt_initialize_type_info@@YAXXZ 0000000180001d40 f   LIBCMT:tncleanup.obj
 0001:00000d50       ?__scrt_uninitialize_type_info@@YAXXZ 0000000180001d50 f   LIBCMT:tncleanup.obj
 0001:00000d5c       __local_stdio_printf_options 0000000180001d5c f i LIBCMT:default_local_stdio_options.obj
 0001:00000d64       __local_stdio_scanf_options 0000000180001d64 f i LIBCMT:default_local_stdio_options.obj
 0001:00000d6c       __scrt_initialize_default_local_stdio_options 0000000180001d6c f   LIBCMT:default_local_stdio_options.obj
 0001:00000d88       __scrt_acquire_startup_lock 0000000180001d88 f   LIBCMT:utility.obj
 0001:00000dc4       __scrt_dllmain_after_initialize_c 0000000180001dc4 f   LIBCMT:utility.obj
 0001:00000df8       __scrt_dllmain_before_initialize_c 0000000180001df8 f   LIBCMT:utility.obj
 0001:00000e10       __scrt_dllmain_crt_thread_attach 0000000180001e10 f   LIBCMT:utility.obj
 0001:00000e38       __scrt_dllmain_crt_thread_detach 0000000180001e38 f   LIBCMT:utility.obj
 0001:00000e50       __scrt_dllmain_exception_filter 0000000180001e50 f   LIBCMT:utility.obj
 0001:00000eb4       __scrt_dllmain_uninitialize_c 0000000180001eb4 f   LIBCMT:utility.obj
 0001:00000ee4       __scrt_dllmain_uninitialize_critical 0000000180001ee4 f   LIBCMT:utility.obj
 0001:00000ef8       __scrt_initialize_crt      0000000180001ef8 f   LIBCMT:utility.obj
 0001:00000f44       __scrt_initialize_onexit_tables 0000000180001f44 f   LIBCMT:utility.obj
 0001:00001024       __scrt_is_nonwritable_in_current_image 0000000180002024 f   LIBCMT:utility.obj
 0001:000010c0       __scrt_release_startup_lock 00000001800020c0 f   LIBCMT:utility.obj
 0001:000010e4       __scrt_uninitialize_crt    00000001800020e4 f   LIBCMT:utility.obj
 0001:00001110       __scrt_get_dyn_tls_init_callback 0000000180002110 f   LIBCMT:dyn_tls_init.obj
 0001:00001118       __crt_debugger_hook        0000000180002118 f   LIBCMT:utility_desktop.obj
 0001:00001120       __scrt_fastfail            0000000180002120 f   LIBCMT:utility_desktop.obj
 0001:0000126c       _RTC_Initialize            000000018000226c f   LIBCMT:_initsect_.obj
 0001:000012b8       _RTC_Terminate             00000001800022b8 f   LIBCMT:_initsect_.obj
 0001:00001304       _guard_check_icall         0000000180002304 f i LIBCMT:checkcfg.obj
 0001:0000130c       ??0bad_alloc@std@@QEAA@AEBV01@@Z 000000018000230c f i LIBCMT:throw_bad_alloc.obj
 0001:0000134c       ??0bad_alloc@std@@QEAA@XZ  000000018000234c f i LIBCMT:throw_bad_alloc.obj
 0001:0000136c       ??0bad_array_new_length@std@@QEAA@AEBV01@@Z 000000018000236c f i LIBCMT:throw_bad_alloc.obj
 0001:000013ac       ??0bad_array_new_length@std@@QEAA@XZ 00000001800023ac f i LIBCMT:throw_bad_alloc.obj
 0001:000013cc       ??0exception@std@@QEAA@AEBV01@@Z 00000001800023cc f i LIBCMT:throw_bad_alloc.obj
 0001:00001404       ??1bad_array_new_length@std@@UEAA@XZ 0000000180002404 f i LIBCMT:throw_bad_alloc.obj
 0001:00001404       ??1bad_alloc@std@@UEAA@XZ  0000000180002404 f i LIBCMT:throw_bad_alloc.obj
 0001:00001418       ??_Eexception@std@@UEAAPEAXI@Z 0000000180002418 f i LIBCMT:throw_bad_alloc.obj
 0001:00001418       ??_Gbad_array_new_length@std@@UEAAPEAXI@Z 0000000180002418 f i LIBCMT:throw_bad_alloc.obj
 0001:00001418       ??_Gbad_alloc@std@@UEAAPEAXI@Z 0000000180002418 f i LIBCMT:throw_bad_alloc.obj
 0001:00001418       ??_Gexception@std@@UEAAPEAXI@Z 0000000180002418 f i LIBCMT:throw_bad_alloc.obj
 0001:00001418       ??_Ebad_array_new_length@std@@UEAAPEAXI@Z 0000000180002418 f i LIBCMT:throw_bad_alloc.obj
 0001:00001418       ??_Ebad_alloc@std@@UEAAPEAXI@Z 0000000180002418 f i LIBCMT:throw_bad_alloc.obj
 0001:0000145c       ?__scrt_throw_std_bad_alloc@@YAXXZ 000000018000245c f   LIBCMT:throw_bad_alloc.obj
 0001:0000147c       ?__scrt_throw_std_bad_array_new_length@@YAXXZ 000000018000247c f   LIBCMT:throw_bad_alloc.obj
 0001:0000149c       ?what@exception@std@@UEBAPEBDXZ 000000018000249c f i LIBCMT:throw_bad_alloc.obj
 0001:000014b0       __isa_available_init       00000001800024b0 f   LIBCMT:_cpu_disp_.obj
 0001:0000166c       __scrt_is_ucrt_dll_in_use  000000018000266c f   LIBCMT:ucrt_detection.obj
 0001:00001678       _guard_check_icall_nop     0000000180002678 f i LIBCMT:guard_support.obj
 0001:0000167c       ??3@YAXPEAX_K@Z            000000018000267c f   LIBCMT:delete_scalar_size.obj
 0001:00001684       ??_Gtype_info@@UEAAPEAXI@Z 0000000180002684 f i LIBCMT:std_type_info_static.obj
 0001:00001684       ??_Etype_info@@UEAAPEAXI@Z 0000000180002684 f i LIBCMT:std_type_info_static.obj
 0001:000016b0       ??3@YAXPEAX@Z              00000001800026b0 f   LIBCMT:delete_scalar.obj
 0001:000016b8       __C_specific_handler       00000001800026b8 f   libvcruntime:_riscchandler_.obj
 0001:000018c4       __std_type_info_destroy_list 00000001800028c4 f   libvcruntime:std_type_info.obj
 0001:000018f0       __vcrt_initialize          00000001800028f0 f   libvcruntime:initialization.obj
 0001:00001924       __vcrt_thread_attach       0000000180002924 f   libvcruntime:initialization.obj
 0001:00001938       __vcrt_thread_detach       0000000180002938 f   libvcruntime:initialization.obj
 0001:0000194c       __vcrt_uninitialize        000000018000294c f   libvcruntime:initialization.obj
 0001:0000196c       __vcrt_uninitialize_critical 000000018000296c f   libvcruntime:initialization.obj
 0001:00001990       memset                     0000000180002990 f   libvcruntime:memset.obj
 0001:00001b40       __std_exception_copy       0000000180002b40 f   libvcruntime:std_exception.obj
 0001:00001bd0       __std_exception_destroy    0000000180002bd0 f   libvcruntime:std_exception.obj
 0001:00001bf8       _CxxThrowException         0000000180002bf8 f   libvcruntime:throw.obj
 0001:00001ce0       _local_unwind              0000000180002ce0 f   libvcruntime:_jmpuwind_.obj
 0001:00001d10       _NLG_Notify                0000000180002d10 f   libvcruntime:_jmpuwind_.obj
 0001:00001d30       __NLG_Dispatch2            0000000180002d30 f   libvcruntime:_jmpuwind_.obj
 0001:00001d40       __NLG_Return2              0000000180002d40 f   libvcruntime:_jmpuwind_.obj
 0001:00001d44       __except_validate_context_record 0000000180002d44 f   libvcruntime:jbcxrval.obj
 0001:00001d7c       __vcrt_freefls             0000000180002d7c f   libvcruntime:per_thread_data.obj
 0001:00001d9c       __vcrt_freeptd             0000000180002d9c f   libvcruntime:per_thread_data.obj
 0001:00001dec       __vcrt_getptd_noexit       0000000180002dec f   libvcruntime:per_thread_data.obj
 0001:00001ea4       __vcrt_initialize_ptd      0000000180002ea4 f   libvcruntime:per_thread_data.obj
 0001:00001ef8       __vcrt_uninitialize_ptd    0000000180002ef8 f   libvcruntime:per_thread_data.obj
 0001:00001f1c       __vcrt_initialize_locks    0000000180002f1c f   libvcruntime:locks.obj
 0001:00001f64       __vcrt_uninitialize_locks  0000000180002f64 f   libvcruntime:locks.obj
 0001:00002174       __vcrt_FlsAlloc            0000000180003174 f   libvcruntime:winapi_downlevel.obj
 0001:000021c8       __vcrt_FlsFree             00000001800031c8 f   libvcruntime:winapi_downlevel.obj
 0001:0000221c       __vcrt_FlsGetValue         000000018000321c f   libvcruntime:winapi_downlevel.obj
 0001:00002270       __vcrt_FlsSetValue         0000000180003270 f   libvcruntime:winapi_downlevel.obj
 0001:000022d8       __vcrt_InitializeCriticalSectionEx 00000001800032d8 f   libvcruntime:winapi_downlevel.obj
 0001:00002350       __vcrt_initialize_winapi_thunks 0000000180003350 f   libvcruntime:winapi_downlevel.obj
 0001:00002394       __vcrt_uninitialize_winapi_thunks 0000000180003394 f   libvcruntime:winapi_downlevel.obj
 0001:000023d4       __vcrt_initialize_pure_virtual_call_handler 00000001800033d4 f   libvcruntime:purevirt_data.obj
 0001:00002410       memcpy                     0000000180003410 f   libvcruntime:memcpy.obj
 0001:00002410       memmove                    0000000180003410 f   libvcruntime:memcpy.obj
 0001:00002870       _CallSettingFrame          0000000180003870 f   libvcruntime:handlers.obj
 0001:000028b0       __DestructExceptionObject  00000001800038b0 f   libvcruntime:ehhelpers.obj
 0001:00002934       ?_CallMemberFunction0@@YAXQEAX0@Z 0000000180003934 f i libvcruntime:ehhelpers.obj
 0001:00002938       ??0_LocaleUpdate@@QEAA@QEAU__crt_locale_pointers@@@Z 0000000180003938 f i libucrt:stricmp.obj
 0001:000029c8       __ascii_stricmp            00000001800039c8 f   libucrt:stricmp.obj
 0001:00002a08       _stricmp                   0000000180003a08 f   libucrt:stricmp.obj
 0001:00002a50       _stricmp_l                 0000000180003a50 f   libucrt:stricmp.obj
 0001:00002b04       _initterm                  0000000180003b04 f   libucrt:initterm.obj
 0001:00002b68       _initterm_e                0000000180003b68 f   libucrt:initterm.obj
 0001:00002ba8       __acrt_initialize_new_handler 0000000180003ba8 f   libucrt:new_handler.obj
 0001:00002bb0       _callnewh                  0000000180003bb0 f   libucrt:new_handler.obj
 0001:00002be0       _query_new_handler         0000000180003be0 f   libucrt:new_handler.obj
 0001:00002c14       malloc                     0000000180003c14 f   libucrt:malloc.obj
 0001:00002c1c       _seh_filter_dll            0000000180003c1c f   libucrt:exception_filter.obj
 0001:00002c30       _seh_filter_exe            0000000180003c30 f   libucrt:exception_filter.obj
 0001:0000303c       __acrt_initialize_thread_local_exit_callback 000000018000403c f   libucrt:exit.obj
 0001:00003044       _cexit                     0000000180004044 f   libucrt:exit.obj
 0001:00003054       _exit                      0000000180004054 f   libucrt:exit.obj
 0001:00003060       _is_c_termination_complete 0000000180004060 f   libucrt:exit.obj
 0001:00003224       __acrt_allocate_buffer_for_argv 0000000180004224 f   libucrt:argv_parsing.obj
 0001:00003284       _configure_narrow_argv     0000000180004284 f   libucrt:argv_parsing.obj
 0001:00003600       __dcrt_uninitialize_environments_nolock 0000000180004600 f   libucrt:environment_initialization.obj
 0001:00003638       _initialize_narrow_environment 0000000180004638 f   libucrt:environment_initialization.obj
 0001:000037c8       _execute_onexit_table      00000001800047c8 f   libucrt:onexit.obj
 0001:00003804       _initialize_onexit_table   0000000180004804 f   libucrt:onexit.obj
 0001:0000387c       __acrt_uninitialize_command_line 000000018000487c f   libucrt:argv_data.obj
 0001:00003988       __acrt_initialize          0000000180004988 f   libucrt:initialization.obj
 0001:0000399c       __acrt_thread_attach       000000018000499c f   libucrt:initialization.obj
 0001:000039b0       __acrt_thread_detach       00000001800049b0 f   libucrt:initialization.obj
 0001:000039c0       __acrt_uninitialize        00000001800049c0 f   libucrt:initialization.obj
 0001:000039f8       __acrt_uninitialize_critical 00000001800049f8 f   libucrt:initialization.obj
 0001:00003a08       terminate                  0000000180004a08 f   libucrt:terminate.obj
 0001:00003a28       free                       0000000180004a28 f   libucrt:free.obj
 0001:00003a3c       _free_base                 0000000180004a3c f   libucrt:free_base.obj
 0001:00003a7c       _malloc_base               0000000180004a7c f   libucrt:malloc_base.obj
 0001:00003adc       strcpy_s                   0000000180004adc f   libucrt:strcpy_s.obj
 0001:00003b50       strncmp                    0000000180004b50 f   libucrt:strncmp.obj
 0001:00003bd0       abort                      0000000180004bd0 f   libucrt:abort.obj
 0001:00003c28       _calloc_base               0000000180004c28 f   libucrt:calloc_base.obj
 0001:00003ca0       wcsncmp                    0000000180004ca0 f   libucrt:wcsncmp.obj
 0001:00003ccc       __acrt_call_reportfault    0000000180004ccc f   libucrt:invalid_parameter.obj
 0001:00003e28       __acrt_initialize_invalid_parameter_handler 0000000180004e28 f   libucrt:invalid_parameter.obj
 0001:00003e30       _invalid_parameter         0000000180004e30 f   libucrt:invalid_parameter.obj
 0001:00003ee0       _invalid_parameter_noinfo  0000000180004ee0 f   libucrt:invalid_parameter.obj
 0001:00003f00       _invoke_watson             0000000180004f00 f   libucrt:invalid_parameter.obj
 0001:00003f48       _query_app_type            0000000180004f48 f   libucrt:report_runtime_error.obj
 0001:00003f50       __acrt_errno_from_os_error 0000000180004f50 f   libucrt:errno.obj
 0001:00003f98       __acrt_errno_map_os_error  0000000180004f98 f   libucrt:errno.obj
 0001:00003fe8       __doserrno                 0000000180004fe8 f   libucrt:errno.obj
 0001:00004008       _errno                     0000000180005008 f   libucrt:errno.obj
 0001:00004028       __acrt_initialize_stdio    0000000180005028 f   libucrt:_file.obj
 0001:00004148       __acrt_uninitialize_stdio  0000000180005148 f   libucrt:_file.obj
 0001:000041a4       _lock_file                 00000001800051a4 f   libucrt:_file.obj
 0001:000041b0       _unlock_file               00000001800051b0 f   libucrt:_file.obj
 0001:000043a0       __acrt_stdio_flush_nolock  00000001800053a0 f   libucrt:fflush.obj
 0001:0000441c       _fflush_nolock             000000018000541c f   libucrt:fflush.obj
 0001:00004468       _flushall                  0000000180005468 f   libucrt:fflush.obj
 0001:000044b8       __acrt_get_sigabrt_handler 00000001800054b8 f   libucrt:signal.obj
 0001:000044e8       __acrt_initialize_signal_handlers 00000001800054e8 f   libucrt:signal.obj
 0001:00004508       raise                      0000000180005508 f   libucrt:signal.obj
 0001:000047c0       _tolower_l                 00000001800057c0 f   libucrt:tolower_toupper.obj
 0001:00004c78       __acrt_freeptd             0000000180005c78 f   libucrt:per_thread_data.obj
 0001:00004cbc       __acrt_getptd              0000000180005cbc f   libucrt:per_thread_data.obj
 0001:00004d88       __acrt_getptd_head         0000000180005d88 f   libucrt:per_thread_data.obj
 0001:00004e30       __acrt_getptd_noexit       0000000180005e30 f   libucrt:per_thread_data.obj
 0001:00004f00       __acrt_initialize_ptd      0000000180005f00 f   libucrt:per_thread_data.obj
 0001:00004f3c       __acrt_uninitialize_ptd    0000000180005f3c f   libucrt:per_thread_data.obj
 0001:00004f60       __acrt_update_locale_info  0000000180005f60 f   libucrt:locale_update.obj
 0001:00004f94       __acrt_update_multibyte_info 0000000180005f94 f   libucrt:locale_update.obj
 0001:00005038       __acrt_set_locale_changed  0000000180006038 f   libucrt:wsetlocale.obj
 0001:00005044       __acrt_uninitialize_locale 0000000180006044 f   libucrt:wsetlocale.obj
 0001:00005074       __acrt_initialize_locks    0000000180006074 f   libucrt:locks.obj
 0001:000050bc       __acrt_lock                00000001800060bc f   libucrt:locks.obj
 0001:000050d8       __acrt_uninitialize_locks  00000001800060d8 f   libucrt:locks.obj
 0001:00005110       __acrt_unlock              0000000180006110 f   libucrt:locks.obj
 0001:0000512c       __acrt_get_process_end_policy 000000018000612c f   libucrt:win_policies.obj
 0001:000056cc       __acrt_expand_narrow_argv_wildcards 00000001800066cc f   libucrt:argv_wildcards.obj
 0001:00005e14       __acrt_initialize_multibyte 0000000180006e14 f   libucrt:mbctype.obj
 0001:00005e74       __acrt_update_thread_multibyte_data 0000000180006e74 f   libucrt:mbctype.obj
 0001:00005e90       _setmbcp_nolock            0000000180006e90 f   libucrt:mbctype.obj
 0001:000061c8       _ismbblead                 00000001800071c8 f   libucrt:ismbbyte.obj
 0001:000061dc       __acrt_initialize_command_line 00000001800071dc f   libucrt:argv_data.obj
 0001:00006204       __dcrt_get_narrow_environment_from_os 0000000180007204 f   libucrt:get_environment_from_os.obj
 0001:00006308       _recalloc                  0000000180007308 f   libucrt:recalloc.obj
 0001:00006310       _recalloc_base             0000000180007310 f   libucrt:recalloc.obj
 0001:00006580       __acrt_AppPolicyGetProcessTerminationMethodInternal 0000000180007580 f   libucrt:winapi_thunks.obj
 0001:000065d0       __acrt_FlsAlloc            00000001800075d0 f   libucrt:winapi_thunks.obj
 0001:00006618       __acrt_FlsFree             0000000180007618 f   libucrt:winapi_thunks.obj
 0001:00006660       __acrt_FlsGetValue         0000000180007660 f   libucrt:winapi_thunks.obj
 0001:000066a8       __acrt_FlsSetValue         00000001800076a8 f   libucrt:winapi_thunks.obj
 0001:000066fc       __acrt_InitializeCriticalSectionEx 00000001800076fc f   libucrt:winapi_thunks.obj
 0001:00006760       __acrt_LCMapStringEx       0000000180007760 f   libucrt:winapi_thunks.obj
 0001:0000683c       __acrt_LocaleNameToLCID    000000018000783c f   libucrt:winapi_thunks.obj
 0001:0000688c       __acrt_initialize_winapi_thunks 000000018000788c f   libucrt:winapi_thunks.obj
 0001:000068d4       __acrt_uninitialize_winapi_thunks 00000001800078d4 f   libucrt:winapi_thunks.obj
 0001:00006918       __acrt_initialize_heap     0000000180007918 f   libucrt:heap_handle.obj
 0001:00006934       __acrt_uninitialize_heap   0000000180007934 f   libucrt:heap_handle.obj
 0001:00006b28       __acrt_initialize_lowio    0000000180007b28 f   libucrt:ioinit.obj
 0001:00006b64       __acrt_uninitialize_lowio  0000000180007b64 f   libucrt:ioinit.obj
 0001:00006ba4       __acrt_execute_initializers 0000000180007ba4 f   libucrt:shared_initialization.obj
 0001:00006c24       __acrt_execute_uninitializers 0000000180007c24 f   libucrt:shared_initialization.obj
 0001:00006c60       __acrt_has_user_matherr    0000000180007c60 f   libucrt:matherr.obj
 0001:00006c80       __acrt_initialize_user_matherr 0000000180007c80 f   libucrt:matherr.obj
 0001:00006c88       __acrt_invoke_user_matherr 0000000180007c88 f   libucrt:matherr.obj
 0001:00006cb8       _query_new_mode            0000000180007cb8 f   libucrt:new_mode.obj
 0001:00006cc0       _mbtowc_l                  0000000180007cc0 f   libucrt:mbtowc.obj
 0001:00006e08       mbtowc                     0000000180007e08 f   libucrt:mbtowc.obj
 0001:00006e10       _fileno                    0000000180007e10 f   libucrt:fileno.obj
 0001:00006e38       __pctype_func              0000000180007e38 f   libucrt:ctype.obj
 0001:00006e68       _isctype_l                 0000000180007e68 f   libucrt:isctype.obj
 0001:00006f78       _fcloseall                 0000000180007f78 f   libucrt:closeall.obj
 0001:0000702c       __acrt_stdio_free_buffer_nolock 000000018000802c f   libucrt:_freebuf.obj
 0001:000070f8       _commit                    00000001800080f8 f   libucrt:commit.obj
 0001:00007744       _write                     0000000180008744 f   libucrt:write.obj
 0001:00007830       _write_nolock              0000000180008830 f   libucrt:write.obj
 0001:00007b74       _isleadbyte_l              0000000180008b74 f i libucrt:_wctype.obj
 0001:00007ecc       __acrt_LCMapStringA        0000000180008ecc f   libucrt:lcmapstringa.obj
 0001:00007f64       __acrt_add_locale_ref      0000000180008f64 f   libucrt:locale_refcounting.obj
 0001:00007ff0       __acrt_free_locale         0000000180008ff0 f   libucrt:locale_refcounting.obj
 0001:00008168       __acrt_locale_add_lc_time_reference 0000000180009168 f   libucrt:locale_refcounting.obj
 0001:00008190       __acrt_locale_free_lc_time_if_unreferenced 0000000180009190 f   libucrt:locale_refcounting.obj
 0001:000081c8       __acrt_locale_release_lc_time_reference 00000001800091c8 f   libucrt:locale_refcounting.obj
 0001:000081f0       __acrt_release_locale_ref  00000001800091f0 f   libucrt:locale_refcounting.obj
 0001:00008298       __acrt_update_thread_locale_data 0000000180009298 f   libucrt:locale_refcounting.obj
 0001:00008308       _updatetlocinfoEx_nolock   0000000180009308 f   libucrt:locale_refcounting.obj
 0001:00008370       __acrt_locale_free_monetary 0000000180009370 f   libucrt:initmon.obj
 0001:0000847c       __acrt_locale_free_numeric 000000018000947c f   libucrt:initnum.obj
 0001:0000853c       __acrt_locale_free_time    000000018000953c f   libucrt:inittime.obj
 0001:00008644       __acrt_GetStringTypeA      0000000180009644 f   libucrt:getstringtypea.obj
 0001:000087e0       qsort                      00000001800097e0 f   libucrt:qsort.obj
 0001:00008b90       strncpy_s                  0000000180009b90 f   libucrt:strncpy_s.obj
 0001:00008d10       strpbrk                    0000000180009d10 f   libucrt:strpbrk.obj
 0001:000090f0       _mbsdec                    000000018000a0f0 f   libucrt:mbsdec.obj
 0001:000090f8       _mbsdec_l                  000000018000a0f8 f   libucrt:mbsdec.obj
 0001:000091a0       _msize                     000000018000a1a0 f   libucrt:msize.obj
 0001:000091a8       _msize_base                000000018000a1a8 f   libucrt:msize.obj
 0001:000091e4       _realloc_base              000000018000a1e4 f   libucrt:realloc_base.obj
 0001:0000932c       __acrt_DownlevelLocaleNameToLCID 000000018000a32c f   libucrt:lcidtoname_downlevel.obj
 0001:00009360       __acrt_lowio_create_handle_array 000000018000a360 f   libucrt:osfinfo.obj
 0001:000093f8       __acrt_lowio_destroy_handle_array 000000018000a3f8 f   libucrt:osfinfo.obj
 0001:00009448       __acrt_lowio_ensure_fh_exists 000000018000a448 f   libucrt:osfinfo.obj
 0001:000094f0       __acrt_lowio_lock_fh       000000018000a4f0 f   libucrt:osfinfo.obj
 0001:00009514       __acrt_lowio_unlock_fh     000000018000a514 f   libucrt:osfinfo.obj
 0001:00009538       _free_osfhnd               000000018000a538 f   libucrt:osfinfo.obj
 0001:000095f4       _get_osfhandle             000000018000a5f4 f   libucrt:osfinfo.obj
 0001:0000966c       _isatty                    000000018000a66c f   libucrt:isatty.obj
 0001:000096cc       __acrt_MultiByteToWideChar 000000018000a6cc f   libucrt:multibytetowidechar.obj
 0001:000096d4       _fclose_nolock             000000018000a6d4 f   libucrt:fclose.obj
 0001:00009758       fclose                     000000018000a758 f   libucrt:fclose.obj
 0001:00009858       _lseeki64_nolock           000000018000a858 f   libucrt:lseek.obj
 0001:00009860       _putwch_nolock             000000018000a860 f   libucrt:putwch.obj
 0001:0000989c       __strncnt                  000000018000a89c f   libucrt:strncnt.obj
 0001:000098c0       log10                      000000018000a8c0 f   libucrt:log10.obj
 0001:00009ee0       _close                     000000018000aee0 f   libucrt:close.obj
 0001:00009f84       _close_nolock              000000018000af84 f   libucrt:close.obj
 0001:0000a040       ?__acrt_stdio_free_stream@@YAXV__crt_stdio_stream@@@Z 000000018000b040 f   libucrt:stream.obj
 0001:0000a05c       __dcrt_lowio_ensure_console_output_initialized 000000018000b05c f   libucrt:initcon.obj
 0001:0000a0b0       __dcrt_terminate_console_output 000000018000b0b0 f   libucrt:initcon.obj
 0001:0000a0cc       __dcrt_write_console_w     000000018000b0cc f   libucrt:initcon.obj
 0001:0000a2b0       _handle_error              000000018000b2b0 f   libucrt:libm_error.obj
 0001:0000a3e0       __acrt_initialize_fma3     000000018000b3e0 f   libucrt:fma3_available.obj
 0001:0000a450       _log10_special             000000018000b450 f   libucrt:log_special.obj
 0001:0000a520       _get_fpsr                  000000018000b520 f   libucrt:fpsr.obj
 0001:0000a530       _set_fpsr                  000000018000b530 f   libucrt:fpsr.obj
 0001:0000a53a       _fclrf                     000000018000b53a f   libucrt:fpsr.obj
 0001:0000a54e       _frnd                      000000018000b54e f   libucrt:fpsr.obj
 0001:0000a570       _raise_exc                 000000018000b570 f   libucrt:fpexcept.obj
 0001:0000a598       _raise_exc_ex              000000018000b598 f   libucrt:fpexcept.obj
 0001:0000a8a0       _set_errno_from_matherr    000000018000b8a0 f   libucrt:fpexcept.obj
 0001:0000a8d0       _clrfp                     000000018000b8d0 f   libucrt:fpctrl.obj
 0001:0000a8f0       _ctrlfp                    000000018000b8f0 f   libucrt:fpctrl.obj
 0001:0000a96c       _set_statfp                000000018000b96c f   libucrt:fpctrl.obj
 0001:0000a98c       _statfp                    000000018000b98c f   libucrt:fpctrl.obj
 0001:0000a99d       IsProcessorFeaturePresent  000000018000b99d f   kernel32:KERNEL32.dll
 0001:0000a9a3       RtlUnwindEx                000000018000b9a3 f   kernel32:KERNEL32.dll
 0001:0000a9ac       ?DloadAcquireSectionWriteAccess@@YAXXZ 000000018000b9ac f i DelayImp:delayhlp.obj
 0001:0000aa68       ?DloadGetSRWLockFunctionPointers@@YAEXZ 000000018000ba68 f i DelayImp:delayhlp.obj
 0001:0000ab04       ?DloadMakePermanentImageCommit@@YAXPEAX_K@Z 000000018000bb04 f i DelayImp:delayhlp.obj
 0001:0000ab9c       ?DloadObtainSection@@YAPEAXPEAK0@Z 000000018000bb9c f i DelayImp:delayhlp.obj
 0001:0000ac30       ?DloadProtectSection@@YAXKPEAK@Z 000000018000bc30 f i DelayImp:delayhlp.obj
 0001:0000acc0       ?DloadReleaseSectionWriteAccess@@YAXXZ 000000018000bcc0 f i DelayImp:delayhlp.obj
 0001:0000ad64       __delayLoadHelper2         000000018000bd64 f   DelayImp:delayhlp.obj
 0001:0000b060       _FindPESection             000000018000c060 f   LIBCMT:pesect.obj
 0001:0000b0b0       _IsNonwritableInCurrentImage 000000018000c0b0 f   LIBCMT:pesect.obj
 0001:0000b100       _ValidateImageBase         000000018000c100 f   LIBCMT:pesect.obj
 0001:0000b130       __GSHandlerCheck           000000018000c130 f   LIBCMT:_gshandler_.obj
 0001:0000b150       __GSHandlerCheckCommon     000000018000c150 f   LIBCMT:_gshandler_.obj
 0001:0000b1c0       _alloca_probe              000000018000c1c0 f   LIBCMT:_chkstk_.obj
 0001:0000b1c0       __chkstk                   000000018000c1c0 f   LIBCMT:_chkstk_.obj
 0001:0000b230       memcmp                     000000018000c230 f   libvcruntime:memcmp.obj
 0001:0000b310       _guard_dispatch_icall_nop  000000018000c310 f   LIBCMT:_guard_dispatch_.obj
 0001:0000b330       __guard_ss_verify_failure  000000018000c330 f   LIBCMT:_rfgfailure_.obj
 0001:0000b33b       __guard_ss_verify_failure_rcx 000000018000c33b     LIBCMT:_rfgfailure_.obj
 0001:0000b341       __guard_ss_verify_failure_rdx 000000018000c341     LIBCMT:_rfgfailure_.obj
 0001:0000b347       __guard_ss_verify_failure_r8 000000018000c347     LIBCMT:_rfgfailure_.obj
 0001:0000b34d       __guard_ss_verify_failure_r9 000000018000c34d     LIBCMT:_rfgfailure_.obj
 0001:0000b353       __guard_ss_verify_failure_r10 000000018000c353     LIBCMT:_rfgfailure_.obj
 0001:0000b360       __guard_ss_verify_failure_default 000000018000c360 f   LIBCMT:_rfgfailure_.obj
 0001:0000b3c0       __guard_ss_verify_sp       000000018000c3c0 f   LIBCMT:_rfgfailure_.obj
 0001:0000b3d0       __guard_ss_verify_sp_default 000000018000c3d0 f   LIBCMT:_rfgfailure_.obj
 0002:00000000       __imp_GetModuleHandleA     000000018000d000     kernel32:KERNEL32.dll
 0002:00000008       __imp_VirtualQuery         000000018000d008     kernel32:KERNEL32.dll
 0002:00000010       __imp_RtlCaptureContext    000000018000d010     kernel32:KERNEL32.dll
 0002:00000018       __imp_RtlLookupFunctionEntry 000000018000d018     kernel32:KERNEL32.dll
 0002:00000020       __imp_RtlVirtualUnwind     000000018000d020     kernel32:KERNEL32.dll
 0002:00000028       __imp_UnhandledExceptionFilter 000000018000d028     kernel32:KERNEL32.dll
 0002:00000030       __imp_SetUnhandledExceptionFilter 000000018000d030     kernel32:KERNEL32.dll
 0002:00000038       __imp_GetCurrentProcess    000000018000d038     kernel32:KERNEL32.dll
 0002:00000040       __imp_TerminateProcess     000000018000d040     kernel32:KERNEL32.dll
 0002:00000048       __imp_IsProcessorFeaturePresent 000000018000d048     kernel32:KERNEL32.dll
 0002:00000050       __imp_QueryPerformanceCounter 000000018000d050     kernel32:KERNEL32.dll
 0002:00000058       __imp_GetCurrentProcessId  000000018000d058     kernel32:KERNEL32.dll
 0002:00000060       __imp_GetCurrentThreadId   000000018000d060     kernel32:KERNEL32.dll
 0002:00000068       __imp_GetSystemTimeAsFileTime 000000018000d068     kernel32:KERNEL32.dll
 0002:00000070       __imp_InitializeSListHead  000000018000d070     kernel32:KERNEL32.dll
 0002:00000078       __imp_IsDebuggerPresent    000000018000d078     kernel32:KERNEL32.dll
 0002:00000080       __imp_GetStartupInfoW      000000018000d080     kernel32:KERNEL32.dll
 0002:00000088       __imp_GetModuleHandleW     000000018000d088     kernel32:KERNEL32.dll
 0002:00000090       __imp_RtlUnwindEx          000000018000d090     kernel32:KERNEL32.dll
 0002:00000098       __imp_InterlockedFlushSList 000000018000d098     kernel32:KERNEL32.dll
 0002:000000a0       __imp_RtlPcToFileHeader    000000018000d0a0     kernel32:KERNEL32.dll
 0002:000000a8       __imp_RaiseException       000000018000d0a8     kernel32:KERNEL32.dll
 0002:000000b0       __imp_GetLastError         000000018000d0b0     kernel32:KERNEL32.dll
 0002:000000b8       __imp_SetLastError         000000018000d0b8     kernel32:KERNEL32.dll
 0002:000000c0       __imp_EnterCriticalSection 000000018000d0c0     kernel32:KERNEL32.dll
 0002:000000c8       __imp_LeaveCriticalSection 000000018000d0c8     kernel32:KERNEL32.dll
 0002:000000d0       __imp_DeleteCriticalSection 000000018000d0d0     kernel32:KERNEL32.dll
 0002:000000d8       __imp_InitializeCriticalSectionAndSpinCount 000000018000d0d8     kernel32:KERNEL32.dll
 0002:000000e0       __imp_TlsAlloc             000000018000d0e0     kernel32:KERNEL32.dll
 0002:000000e8       __imp_TlsGetValue          000000018000d0e8     kernel32:KERNEL32.dll
 0002:000000f0       __imp_TlsSetValue          000000018000d0f0     kernel32:KERNEL32.dll
 0002:000000f8       __imp_TlsFree              000000018000d0f8     kernel32:KERNEL32.dll
 0002:00000100       __imp_FreeLibrary          000000018000d100     kernel32:KERNEL32.dll
 0002:00000108       __imp_GetProcAddress       000000018000d108     kernel32:KERNEL32.dll
 0002:00000110       __imp_LoadLibraryExW       000000018000d110     kernel32:KERNEL32.dll
 0002:00000118       __imp_GetStdHandle         000000018000d118     kernel32:KERNEL32.dll
 0002:00000120       __imp_GetFileType          000000018000d120     kernel32:KERNEL32.dll
 0002:00000128       __imp_GetModuleFileNameA   000000018000d128     kernel32:KERNEL32.dll
 0002:00000130       __imp_GetModuleHandleExW   000000018000d130     kernel32:KERNEL32.dll
 0002:00000138       __imp_WriteConsoleW        000000018000d138     kernel32:KERNEL32.dll
 0002:00000140       __imp_ExitProcess          000000018000d140     kernel32:KERNEL32.dll
 0002:00000148       __imp_MultiByteToWideChar  000000018000d148     kernel32:KERNEL32.dll
 0002:00000150       __imp_WideCharToMultiByte  000000018000d150     kernel32:KERNEL32.dll
 0002:00000158       __imp_HeapFree             000000018000d158     kernel32:KERNEL32.dll
 0002:00000160       __imp_HeapAlloc            000000018000d160     kernel32:KERNEL32.dll
 0002:00000168       __imp_WriteFile            000000018000d168     kernel32:KERNEL32.dll
 0002:00000170       __imp_GetACP               000000018000d170     kernel32:KERNEL32.dll
 0002:00000178       __imp_FindClose            000000018000d178     kernel32:KERNEL32.dll
 0002:00000180       __imp_FindFirstFileExA     000000018000d180     kernel32:KERNEL32.dll
 0002:00000188       __imp_FindNextFileA        000000018000d188     kernel32:KERNEL32.dll
 0002:00000190       __imp_IsValidCodePage      000000018000d190     kernel32:KERNEL32.dll
 0002:00000198       __imp_GetOEMCP             000000018000d198     kernel32:KERNEL32.dll
 0002:000001a0       __imp_GetCPInfo            000000018000d1a0     kernel32:KERNEL32.dll
 0002:000001a8       __imp_GetCommandLineA      000000018000d1a8     kernel32:KERNEL32.dll
 0002:000001b0       __imp_GetCommandLineW      000000018000d1b0     kernel32:KERNEL32.dll
 0002:000001b8       __imp_GetEnvironmentStringsW 000000018000d1b8     kernel32:KERNEL32.dll
 0002:000001c0       __imp_FreeEnvironmentStringsW 000000018000d1c0     kernel32:KERNEL32.dll
 0002:000001c8       __imp_LCMapStringW         000000018000d1c8     kernel32:KERNEL32.dll
 0002:000001d0       __imp_GetProcessHeap       000000018000d1d0     kernel32:KERNEL32.dll
 0002:000001d8       __imp_FlushFileBuffers     000000018000d1d8     kernel32:KERNEL32.dll
 0002:000001e0       __imp_GetConsoleCP         000000018000d1e0     kernel32:KERNEL32.dll
 0002:000001e8       __imp_GetConsoleMode       000000018000d1e8     kernel32:KERNEL32.dll
 0002:000001f0       __imp_GetStringTypeW       000000018000d1f0     kernel32:KERNEL32.dll
 0002:000001f8       __imp_HeapSize             000000018000d1f8     kernel32:KERNEL32.dll
 0002:00000200       __imp_HeapReAlloc          000000018000d200     kernel32:KERNEL32.dll
 0002:00000208       __imp_SetStdHandle         000000018000d208     kernel32:KERNEL32.dll
 0002:00000210       __imp_SetFilePointerEx     000000018000d210     kernel32:KERNEL32.dll
 0002:00000218       __imp_CloseHandle          000000018000d218     kernel32:KERNEL32.dll
 0002:00000220       __imp_CreateFileW          000000018000d220     kernel32:KERNEL32.dll
 0002:00000228       __imp_GetSystemInfo        000000018000d228     kernel32:KERNEL32.dll
 0002:00000230       __imp_VirtualProtect       000000018000d230     kernel32:KERNEL32.dll
 0002:00000238       __imp_LoadLibraryExA       000000018000d238     kernel32:KERNEL32.dll
 0002:00000240       \177KERNEL32_NULL_THUNK_DATA 000000018000d240     kernel32:KERNEL32.dll
 0002:00000248       __guard_check_icall_fptr   000000018000d248     LIBCMT:guard_support.obj
 0002:00000250       __guard_dispatch_icall_fptr 000000018000d250     LIBCMT:guard_support.obj
 0002:00000258       __guard_ss_verify_failure_fptr 000000018000d258     LIBCMT:guard_support.obj
 0002:00000260       __guard_ss_verify_sp_fptr  000000018000d260     LIBCMT:guard_support.obj
 0002:00000268       __xc_a                     000000018000d268     LIBCMT:initializers.obj
 0002:00000270       _register_hello_           000000018000d270     native.obj
 0002:00000278       __xc_z                     000000018000d278     LIBCMT:initializers.obj
 0002:00000280       __xi_a                     000000018000d280     LIBCMT:initializers.obj
 0002:00000288       __acrt_stdio_initializer   000000018000d288     libucrt:stdio_initializer.obj
 0002:00000290       __acrt_multibyte_initializer 000000018000d290     libucrt:multibyte_initializer.obj
 0002:00000298       __acrt_tran_fma3_initializer 000000018000d298     libucrt:fma3_initializer.obj
 0002:000002a0       __xi_z                     000000018000d2a0     LIBCMT:initializers.obj
 0002:000002a8       __xp_a                     000000018000d2a8     LIBCMT:initializers.obj
 0002:000002b0       __acrt_locale_terminator   000000018000d2b0     libucrt:locale_initializer.obj
 0002:000002b8       __dcrt_console_output_terminator 000000018000d2b8     libucrt:console_output_initializer.obj
 0002:000002c0       __acrt_stdio_terminator    000000018000d2c0     libucrt:stdio_initializer.obj
 0002:000002c8       __xp_z                     000000018000d2c8     LIBCMT:initializers.obj
 0002:000002d0       __xt_a                     000000018000d2d0     LIBCMT:initializers.obj
 0002:000002d8       __xt_z                     000000018000d2d8     LIBCMT:initializers.obj
 0002:000002e0       __sz_node_exe              000000018000d2e0     node:node.exe
 0002:000002f0       _pRawDllMain               000000018000d2f0     LIBCMT:dll_dllmain.obj
 0002:000002f0       _pDefaultRawDllMain        000000018000d2f0     LIBCMT:dll_dllmain.obj
 0002:00000310       ??_7exception@std@@6B@     000000018000d310     LIBCMT:throw_bad_alloc.obj
 0002:00000320       ??_C@_0BC@EOODALEL@Unknown?5exception?$AA@ 000000018000d320     LIBCMT:throw_bad_alloc.obj
 0002:00000340       ??_7bad_alloc@std@@6B@     000000018000d340     LIBCMT:throw_bad_alloc.obj
 0002:00000350       ??_C@_0P@GHFPNOJB@bad?5allocation?$AA@ 000000018000d350     LIBCMT:throw_bad_alloc.obj
 0002:00000368       ??_7bad_array_new_length@std@@6B@ 000000018000d368     LIBCMT:throw_bad_alloc.obj
 0002:00000378       ??_C@_0BF@KINCDENJ@bad?5array?5new?5length?$AA@ 000000018000d378     LIBCMT:throw_bad_alloc.obj
 0002:00000398       ??_7type_info@@6B@         000000018000d398     LIBCMT:std_type_info_static.obj
 0002:00000708       ??_C@_08EHJDFFNH@__based?$CI?$AA@ 000000018000d708     libvcruntime:undname.obj
 0002:00000718       ??_C@_07KOLFKCDI@__cdecl?$AA@ 000000018000d718     libvcruntime:undname.obj
 0002:00000720       ??_C@_08GHMPAG@__pascal?$AA@ 000000018000d720     libvcruntime:undname.obj
 0002:00000730       ??_C@_09IFJBGAPI@__stdcall?$AA@ 000000018000d730     libvcruntime:undname.obj
 0002:00000740       ??_C@_0L@NPHFGOKO@__thiscall?$AA@ 000000018000d740     libvcruntime:undname.obj
 0002:00000750       ??_C@_0L@JMKHOMEK@__fastcall?$AA@ 000000018000d750     libvcruntime:undname.obj
 0002:00000760       ??_C@_0N@BCKKPABJ@__vectorcall?$AA@ 000000018000d760     libvcruntime:undname.obj
 0002:00000770       ??_C@_09HIJEGCPM@__clrcall?$AA@ 000000018000d770     libvcruntime:undname.obj
 0002:0000077c       ??_C@_06GHPCKEAG@__eabi?$AA@ 000000018000d77c     libvcruntime:undname.obj
 0002:00000788       ??_C@_07JOMMBBKO@__ptr64?$AA@ 000000018000d788     libvcruntime:undname.obj
 0002:00000790       ??_C@_0L@PILCLIHE@__restrict?$AA@ 000000018000d790     libvcruntime:undname.obj
 0002:000007a0       ??_C@_0M@GFIIJFMG@__unaligned?$AA@ 000000018000d7a0     libvcruntime:undname.obj
 0002:000007b0       ??_C@_09DHDLOLLB@restrict?$CI?$AA@ 000000018000d7b0     libvcruntime:undname.obj
 0002:000007ba       ??_C@_00CNPNBAHC@?$AA@     000000018000d7ba     libvcruntime:undname.obj
 0002:000007bc       ??_C@_04NIHEBCM@?5new?$AA@ 000000018000d7bc     libvcruntime:undname.obj
 0002:000007c8       ??_C@_07FPCDHGMM@?5delete?$AA@ 000000018000d7c8     libvcruntime:undname.obj
 0002:000007d0       ??_C@_01NEMOKFLO@?$DN?$AA@ 000000018000d7d0     libvcruntime:undname.obj
 0002:000007d4       ??_C@_02GPIOPFAK@?$DO?$DO?$AA@ 000000018000d7d4     libvcruntime:undname.obj
 0002:000007d8       ??_C@_02FODMEDOG@?$DM?$DM?$AA@ 000000018000d7d8     libvcruntime:undname.obj
 0002:000007dc       ??_C@_01DCLJPIOD@?$CB?$AA@ 000000018000d7dc     libvcruntime:undname.obj
 0002:000007e0       ??_C@_02EGOFBIJA@?$DN?$DN?$AA@ 000000018000d7e0     libvcruntime:undname.obj
 0002:000007e4       ??_C@_02FDNJECIE@?$CB?$DN?$AA@ 000000018000d7e4     libvcruntime:undname.obj
 0002:000007e8       ??_C@_02GPECMEKF@?$FL?$FN?$AA@ 000000018000d7e8     libvcruntime:undname.obj
 0002:000007f0       ??_C@_08LHJFAFGD@operator?$AA@ 000000018000d7f0     libvcruntime:undname.obj
 0002:000007fc       ??_C@_02HBOOOICD@?9?$DO?$AA@ 000000018000d7fc     libvcruntime:undname.obj
 0002:00000800       ??_C@_01NBENCBCI@?$CK?$AA@ 000000018000d800     libvcruntime:undname.obj
 0002:00000804       ??_C@_02ECNGHCIF@?$CL?$CL?$AA@ 000000018000d804     libvcruntime:undname.obj
 0002:00000808       ??_C@_02BAABKJLB@?9?9?$AA@ 000000018000d808     libvcruntime:undname.obj
 0002:0000080c       ??_C@_01JOAMLHOP@?9?$AA@   000000018000d80c     libvcruntime:undname.obj
 0002:00000810       ??_C@_01MIFGBAGJ@?$CL?$AA@ 000000018000d810     libvcruntime:undname.obj
 0002:00000814       ??_C@_01HNPIGOCE@?$CG?$AA@ 000000018000d814     libvcruntime:undname.obj
 0002:00000818       ??_C@_03MNHNFDLC@?9?$DO?$CK?$AA@ 000000018000d818     libvcruntime:undname.obj
 0002:0000081c       ??_C@_01KMDKNFGN@?1?$AA@   000000018000d81c     libvcruntime:undname.obj
 0002:00000820       ??_C@_01FGNFDNOH@?$CF?$AA@ 000000018000d820     libvcruntime:undname.obj
 0002:00000824       ??_C@_01MNNFJEPP@?$DM?$AA@ 000000018000d824     libvcruntime:undname.obj
 0002:00000828       ??_C@_02EHCHHCKH@?$DM?$DN?$AA@ 000000018000d828     libvcruntime:undname.obj
 0002:0000082c       ??_C@_01PPODPGHN@?$DO?$AA@ 000000018000d82c     libvcruntime:undname.obj
 0002:00000830       ??_C@_02EEKDKGMJ@?$DO?$DN?$AA@ 000000018000d830     libvcruntime:undname.obj
 0002:00000834       ??_C@_01IHBHIGKO@?0?$AA@   000000018000d834     libvcruntime:undname.obj
 0002:00000838       ??_C@_02HCKGKOFO@?$CI?$CJ?$AA@ 000000018000d838     libvcruntime:undname.obj
 0002:0000083c       ??_C@_01PJKLJHI@?$HO?$AA@  000000018000d83c     libvcruntime:undname.obj
 0002:00000840       ??_C@_01JKBOJNNK@?$FO?$AA@ 000000018000d840     libvcruntime:undname.obj
 0002:00000844       ??_C@_01DNKMNLPK@?$HM?$AA@ 000000018000d844     libvcruntime:undname.obj
 0002:00000848       ??_C@_02PPKAJPJL@?$CG?$CG?$AA@ 000000018000d848     libvcruntime:undname.obj
 0002:0000084c       ??_C@_02NONPIBCD@?$HM?$HM?$AA@ 000000018000d84c     libvcruntime:undname.obj
 0002:00000850       ??_C@_02FPIMKNGF@?$CK?$DN?$AA@ 000000018000d850     libvcruntime:undname.obj
 0002:00000854       ??_C@_02FOEOMHFC@?$CL?$DN?$AA@ 000000018000d854     libvcruntime:undname.obj
 0002:00000858       ??_C@_02FKMDLLOA@?9?$DN?$AA@ 000000018000d858     libvcruntime:undname.obj
 0002:0000085c       ??_C@_02FJEHGPIO@?1?$DN?$AA@ 000000018000d85c     libvcruntime:undname.obj
 0002:00000860       ??_C@_02FENAOKFI@?$CF?$DN?$AA@ 000000018000d860     libvcruntime:undname.obj
 0002:00000864       ??_C@_03IKFCCPFF@?$DO?$DO?$DN?$AA@ 000000018000d864     libvcruntime:undname.obj
 0002:00000868       ??_C@_03CDNPDDLA@?$DM?$DM?$DN?$AA@ 000000018000d868     libvcruntime:undname.obj
 0002:0000086c       ??_C@_02FGJGFEAB@?$CG?$DN?$AA@ 000000018000d86c     libvcruntime:undname.obj
 0002:00000870       ??_C@_02DHLNPPGH@?$HM?$DN?$AA@ 000000018000d870     libvcruntime:undname.obj
 0002:00000874       ??_C@_02MHEGNOJ@?$FO?$DN?$AA@ 000000018000d874     libvcruntime:undname.obj
 0002:00000878       ??_C@_09IFPLHPGF@?$GAvftable?8?$AA@ 000000018000d878     libvcruntime:undname.obj
 0002:00000888       ??_C@_09BLBHBJP@?$GAvbtable?8?$AA@ 000000018000d888     libvcruntime:undname.obj
 0002:00000898       ??_C@_07FEEIOKP@?$GAvcall?8?$AA@ 000000018000d898     libvcruntime:undname.obj
 0002:000008a0       ??_C@_08LLFFHHDJ@?$GAtypeof?8?$AA@ 000000018000d8a0     libvcruntime:undname.obj
 0002:000008b0       ??_C@_0BF@KDPPACIK@?$GAlocal?5static?5guard?8?$AA@ 000000018000d8b0     libvcruntime:undname.obj
 0002:000008c8       ??_C@_08OBABFOLI@?$GAstring?8?$AA@ 000000018000d8c8     libvcruntime:undname.obj
 0002:000008d8       ??_C@_0BD@JDLKDPAB@?$GAvbase?5destructor?8?$AA@ 000000018000d8d8     libvcruntime:undname.obj
 0002:000008f0       ??_C@_0BN@DEGPLNFK@?$GAvector?5deleting?5destructor?8?$AA@ 000000018000d8f0     libvcruntime:undname.obj
 0002:00000910       ??_C@_0BO@OBMKPJIG@?$GAdefault?5constructor?5closure?8?$AA@ 000000018000d910     libvcruntime:undname.obj
 0002:00000930       ??_C@_0BN@IMDCHIKM@?$GAscalar?5deleting?5destructor?8?$AA@ 000000018000d930     libvcruntime:undname.obj
 0002:00000950       ??_C@_0BO@PFGOCPJJ@?$GAvector?5constructor?5iterator?8?$AA@ 000000018000d950     libvcruntime:undname.obj
 0002:00000970       ??_C@_0BN@LFPFMEDL@?$GAvector?5destructor?5iterator?8?$AA@ 000000018000d970     libvcruntime:undname.obj
 0002:00000990       ??_C@_0CE@IKBNEHA@?$GAvector?5vbase?5constructor?5iterat@ 000000018000d990     libvcruntime:undname.obj
 0002:000009b8       ??_C@_0BL@NILFHHPC@?$GAvirtual?5displacement?5map?8?$AA@ 000000018000d9b8     libvcruntime:undname.obj
 0002:000009d8       ??_C@_0CB@JONCMFFK@?$GAeh?5vector?5constructor?5iterator?8@ 000000018000d9d8     libvcruntime:undname.obj
 0002:00000a00       ??_C@_0CA@GCEOPDGL@?$GAeh?5vector?5destructor?5iterator?8?$AA@ 000000018000da00     libvcruntime:undname.obj
 0002:00000a20       ??_C@_0CH@OOJPLCPH@?$GAeh?5vector?5vbase?5constructor?5ite@ 000000018000da20     libvcruntime:undname.obj
 0002:00000a48       ??_C@_0BL@LLKPOHJI@?$GAcopy?5constructor?5closure?8?$AA@ 000000018000da48     libvcruntime:undname.obj
 0002:00000a68       ??_C@_0BA@KBCDOMBN@?$GAudt?5returning?8?$AA@ 000000018000da68     libvcruntime:undname.obj
 0002:00000a78       ??_C@_03KLGMFNMG@?$GAEH?$AA@ 000000018000da78     libvcruntime:undname.obj
 0002:00000a7c       ??_C@_05KHLCHHI@?$GARTTI?$AA@ 000000018000da7c     libvcruntime:undname.obj
 0002:00000a88       ??_C@_0BA@KKLDJDLB@?$GAlocal?5vftable?8?$AA@ 000000018000da88     libvcruntime:undname.obj
 0002:00000a98       ??_C@_0CE@IIHCMGGL@?$GAlocal?5vftable?5constructor?5closu@ 000000018000da98     libvcruntime:undname.obj
 0002:00000abc       ??_C@_06FHBGPFGH@?5new?$FL?$FN?$AA@ 000000018000dabc     libvcruntime:undname.obj
 0002:00000ac8       ??_C@_09LBNFPBCA@?5delete?$FL?$FN?$AA@ 000000018000dac8     libvcruntime:undname.obj
 0002:00000ad8       ??_C@_0P@HJKNJFNN@?$GAomni?5callsig?8?$AA@ 000000018000dad8     libvcruntime:undname.obj
 0002:00000ae8       ??_C@_0BL@CNOONJFP@?$GAplacement?5delete?5closure?8?$AA@ 000000018000dae8     libvcruntime:undname.obj
 0002:00000b08       ??_C@_0BN@CKNJLHMB@?$GAplacement?5delete?$FL?$FN?5closure?8?$AA@ 000000018000db08     libvcruntime:undname.obj
 0002:00000b28       ??_C@_0CG@CFDHKGGD@?$GAmanaged?5vector?5constructor?5iter@ 000000018000db28     libvcruntime:undname.obj
 0002:00000b50       ??_C@_0CF@IMGKMJNO@?$GAmanaged?5vector?5destructor?5itera@ 000000018000db50     libvcruntime:undname.obj
 0002:00000b78       ??_C@_0CG@HLDDJMAG@?$GAeh?5vector?5copy?5constructor?5iter@ 000000018000db78     libvcruntime:undname.obj
 0002:00000ba0       ??_C@_0CM@FCBBDIGB@?$GAeh?5vector?5vbase?5copy?5constructo@ 000000018000dba0     libvcruntime:undname.obj
 0002:00000bd0       ??_C@_0BL@CLIPGLGB@?$GAdynamic?5initializer?5for?5?8?$AA@ 000000018000dbd0     libvcruntime:undname.obj
 0002:00000bf0       ??_C@_0CB@PDBIFEP@?$GAdynamic?5atexit?5destructor?5for?5?8@ 000000018000dbf0     libvcruntime:undname.obj
 0002:00000c18       ??_C@_0CD@CGAJBKEJ@?$GAvector?5copy?5constructor?5iterato@ 000000018000dc18     libvcruntime:undname.obj
 0002:00000c40       ??_C@_0CJ@GJELGAMM@?$GAvector?5vbase?5copy?5constructor?5i@ 000000018000dc40     libvcruntime:undname.obj
 0002:00000c70       ??_C@_0CL@FGIJHLCE@?$GAmanaged?5vector?5copy?5constructor@ 000000018000dc70     libvcruntime:undname.obj
 0002:00000ca0       ??_C@_0BM@PMGGMLDN@?$GAlocal?5static?5thread?5guard?8?$AA@ 000000018000dca0     libvcruntime:undname.obj
 0002:00000cc0       ??_C@_0N@BDNMDMOL@operator?5?$CC?$CC?5?$AA@ 000000018000dcc0     libvcruntime:undname.obj
 0002:00000cd0       ??_C@_0BC@GGEBGALA@operator?5co_await?$AA@ 000000018000dcd0     libvcruntime:undname.obj
 0002:00000ce8       ??_C@_0BC@DAFEJGAK@?5Type?5Descriptor?8?$AA@ 000000018000dce8     libvcruntime:undname.obj
 0002:00000d00       ??_C@_0BM@LDKODKLH@?5Base?5Class?5Descriptor?5at?5?$CI?$AA@ 000000018000dd00     libvcruntime:undname.obj
 0002:00000d20       ??_C@_0BD@LGICGFMM@?5Base?5Class?5Array?8?$AA@ 000000018000dd20     libvcruntime:undname.obj
 0002:00000d38       ??_C@_0BN@MECKDCOJ@?5Class?5Hierarchy?5Descriptor?8?$AA@ 000000018000dd38     libvcruntime:undname.obj
 0002:00000d58       ??_C@_0BK@CFCOFLF@?5Complete?5Object?5Locator?8?$AA@ 000000018000dd58     libvcruntime:undname.obj
 0002:00000d90       ??_C@_1DM@KHCHBNEB@?$AAa?$AAp?$AAi?$AA?9?$AAm?$AAs?$AA?9?$AAw?$AAi?$AAn?$AA?9?$AAc?$AAo?$AAr?$AAe?$AA?9?$AAf?$AAi?$AAb?$AAe?$AAr?$AAs?$AA?9?$AAl?$AA1?$AA?9?$AA1?$AA?9?$AA1?$AA?$AA@ 000000018000dd90     libvcruntime:winapi_downlevel.obj
 0002:00000dd0       ??_C@_1DK@LPPGFMPP@?$AAa?$AAp?$AAi?$AA?9?$AAm?$AAs?$AA?9?$AAw?$AAi?$AAn?$AA?9?$AAc?$AAo?$AAr?$AAe?$AA?9?$AAs?$AAy?$AAn?$AAc?$AAh?$AA?9?$AAl?$AA1?$AA?9?$AA2?$AA?9?$AA0?$AA?$AA@ 000000018000ddd0     libvcruntime:winapi_downlevel.obj
 0002:00000e10       ??_C@_1BC@GDMECMAK@?$AAk?$AAe?$AAr?$AAn?$AAe?$AAl?$AA3?$AA2?$AA?$AA@ 000000018000de10     libvcruntime:winapi_downlevel.obj
 0002:00000e28       ??_C@_1BA@PFFKHIOG@?$AAa?$AAp?$AAi?$AA?9?$AAm?$AAs?$AA?9?$AA?$AA@ 000000018000de28     libvcruntime:winapi_downlevel.obj
 0002:00000e38       ??_C@_1BA@IAIFMGEF@?$AAe?$AAx?$AAt?$AA?9?$AAm?$AAs?$AA?9?$AA?$AA@ 000000018000de38     libvcruntime:winapi_downlevel.obj
 0002:00000e50       ??_C@_08KNHFBNJ@FlsAlloc?$AA@ 000000018000de50     libvcruntime:winapi_downlevel.obj
 0002:00000e68       ??_C@_07PEJMOBNF@FlsFree?$AA@ 000000018000de68     libvcruntime:winapi_downlevel.obj
 0002:00000e78       ??_C@_0M@GDNOONDI@FlsGetValue?$AA@ 000000018000de78     libvcruntime:winapi_downlevel.obj
 0002:00000e90       ??_C@_0M@JCPCPOEF@FlsSetValue?$AA@ 000000018000de90     libvcruntime:winapi_downlevel.obj
 0002:00000ea8       ??_C@_0BM@HCFOFFN@InitializeCriticalSectionEx?$AA@ 000000018000dea8     libvcruntime:winapi_downlevel.obj
 0002:00000ec8       _pDestructExceptionObject  000000018000dec8     libvcruntime:ehhelpers.obj
 0002:00000ed0       __acrt_exception_action_table 000000018000ded0     libucrt:exception_filter.obj
 0002:00000f90       __acrt_signal_action_table_count 000000018000df90     libucrt:exception_filter.obj
 0002:00000f98       __acrt_signal_action_first_fpe_index 000000018000df98     libucrt:exception_filter.obj
 0002:00000fa0       __acrt_signal_action_fpe_count 000000018000dfa0     libucrt:exception_filter.obj
 0002:00000fa8       ??_C@_1BI@BGOHAHKC@?$AAm?$AAs?$AAc?$AAo?$AAr?$AAe?$AAe?$AA?4?$AAd?$AAl?$AAl?$AA?$AA@ 000000018000dfa8     libucrt:exit.obj
 0002:00000fc0       ??_C@_0P@MIGLKIOC@CorExitProcess?$AA@ 000000018000dfc0     libucrt:exit.obj
 0002:00001230       __lc_time_c                000000018000e230     libucrt:nlsdata.obj
 0002:000014f0       ??_C@_03KOEHGMDN@Sun?$AA@  000000018000e4f0     libucrt:nlsdata.obj
 0002:000014f4       ??_C@_03PDAGKDH@Mon?$AA@   000000018000e4f4     libucrt:nlsdata.obj
 0002:000014f8       ??_C@_03NAGEINEP@Tue?$AA@  000000018000e4f8     libucrt:nlsdata.obj
 0002:000014fc       ??_C@_03MHOMLAJA@Wed?$AA@  000000018000e4fc     libucrt:nlsdata.obj
 0002:00001500       ??_C@_03IOFIKPDN@Thu?$AA@  000000018000e500     libucrt:nlsdata.obj
 0002:00001504       ??_C@_03IDIOELNC@Fri?$AA@  000000018000e504     libucrt:nlsdata.obj
 0002:00001508       ??_C@_03FEFJNEK@Sat?$AA@   000000018000e508     libucrt:nlsdata.obj
 0002:0000150c       ??_C@_06OOPIFAJ@Sunday?$AA@ 000000018000e50c     libucrt:nlsdata.obj
 0002:00001514       ??_C@_06JLEDEDGH@Monday?$AA@ 000000018000e514     libucrt:nlsdata.obj
 0002:00001520       ??_C@_07BAAGCFCM@Tuesday?$AA@ 000000018000e520     libucrt:nlsdata.obj
 0002:00001528       ??_C@_09DLIGFAKA@Wednesday?$AA@ 000000018000e528     libucrt:nlsdata.obj
 0002:00001538       ??_C@_08HACCIKIA@Thursday?$AA@ 000000018000e538     libucrt:nlsdata.obj
 0002:00001544       ??_C@_06JECMNKMI@Friday?$AA@ 000000018000e544     libucrt:nlsdata.obj
 0002:00001550       ??_C@_08INBOOONO@Saturday?$AA@ 000000018000e550     libucrt:nlsdata.obj
 0002:0000155c       ??_C@_03JIHJHPIE@Jan?$AA@  000000018000e55c     libucrt:nlsdata.obj
 0002:00001560       ??_C@_03HJBDCHOM@Feb?$AA@  000000018000e560     libucrt:nlsdata.obj
 0002:00001564       ??_C@_03ODNJBKGA@Mar?$AA@  000000018000e564     libucrt:nlsdata.obj
 0002:00001568       ??_C@_03LEOLGMJP@Apr?$AA@  000000018000e568     libucrt:nlsdata.obj
 0002:0000156c       ??_C@_03CNMDKL@May?$AA@    000000018000e56c     libucrt:nlsdata.obj
 0002:00001570       ??_C@_03IDFGHECI@Jun?$AA@  000000018000e570     libucrt:nlsdata.obj
 0002:00001574       ??_C@_03LBGABGKK@Jul?$AA@  000000018000e574     libucrt:nlsdata.obj
 0002:00001578       ??_C@_03IFJFEIGA@Aug?$AA@  000000018000e578     libucrt:nlsdata.obj
 0002:0000157c       ??_C@_03GGCAPAJC@Sep?$AA@  000000018000e57c     libucrt:nlsdata.obj
 0002:00001580       ??_C@_03BMAOKBAD@Oct?$AA@  000000018000e580     libucrt:nlsdata.obj
 0002:00001584       ??_C@_03JPJOFNIA@Nov?$AA@  000000018000e584     libucrt:nlsdata.obj
 0002:00001588       ??_C@_03MKABNOCG@Dec?$AA@  000000018000e588     libucrt:nlsdata.obj
 0002:00001590       ??_C@_07CGJPFGJA@January?$AA@ 000000018000e590     libucrt:nlsdata.obj
 0002:00001598       ??_C@_08GNJGEPFN@February?$AA@ 000000018000e598     libucrt:nlsdata.obj
 0002:000015a4       ??_C@_05HPCKOFNC@March?$AA@ 000000018000e5a4     libucrt:nlsdata.obj
 0002:000015ac       ??_C@_05DMJDNLEJ@April?$AA@ 000000018000e5ac     libucrt:nlsdata.obj
 0002:000015b4       ??_C@_04CNLMGBGM@June?$AA@ 000000018000e5b4     libucrt:nlsdata.obj
 0002:000015bc       ??_C@_04MIEPOIFP@July?$AA@ 000000018000e5bc     libucrt:nlsdata.obj
 0002:000015c4       ??_C@_06LBBHFDDG@August?$AA@ 000000018000e5c4     libucrt:nlsdata.obj
 0002:000015d0       ??_C@_09BHHEALKD@September?$AA@ 000000018000e5d0     libucrt:nlsdata.obj
 0002:000015e0       ??_C@_07JJNFCEND@October?$AA@ 000000018000e5e0     libucrt:nlsdata.obj
 0002:000015e8       ??_C@_08HCHEGEOA@November?$AA@ 000000018000e5e8     libucrt:nlsdata.obj
 0002:000015f8       ??_C@_08EDHMEBNP@December?$AA@ 000000018000e5f8     libucrt:nlsdata.obj
 0002:00001604       ??_C@_02DEDBPAFC@AM?$AA@   000000018000e604     libucrt:nlsdata.obj
 0002:00001608       ??_C@_02CJNFDJBF@PM?$AA@   000000018000e608     libucrt:nlsdata.obj
 0002:00001610       ??_C@_08BPBNCDIB@MM?1dd?1yy?$AA@ 000000018000e610     libucrt:nlsdata.obj
 0002:00001620       ??_C@_0BE@CKGJFCPC@dddd?0?5MMMM?5dd?0?5yyyy?$AA@ 000000018000e620     libucrt:nlsdata.obj
 0002:00001638       ??_C@_08JCCMCCIL@HH?3mm?3ss?$AA@ 000000018000e638     libucrt:nlsdata.obj
 0002:00001648       ??_C@_17MBGCMIPB@?$AAS?$AAu?$AAn?$AA?$AA@ 000000018000e648     libucrt:nlsdata.obj
 0002:00001650       ??_C@_17KBOMKBF@?$AAM?$AAo?$AAn?$AA?$AA@ 000000018000e650     libucrt:nlsdata.obj
 0002:00001658       ??_C@_17BMKGEGOJ@?$AAT?$AAu?$AAe?$AA?$AA@ 000000018000e658     libucrt:nlsdata.obj
 0002:00001660       ??_C@_17CJEDCEPE@?$AAW?$AAe?$AAd?$AA?$AA@ 000000018000e660     libucrt:nlsdata.obj
 0002:00001668       ??_C@_17PDPHAADD@?$AAT?$AAh?$AAu?$AA?$AA@ 000000018000e668     libucrt:nlsdata.obj
 0002:00001670       ??_C@_17HFOLPPLP@?$AAF?$AAr?$AAi?$AA?$AA@ 000000018000e670     libucrt:nlsdata.obj
 0002:00001678       ??_C@_17GGIBDPIH@?$AAS?$AAa?$AAt?$AA?$AA@ 000000018000e678     libucrt:nlsdata.obj
 0002:00001680       ??_C@_1O@IHNHDHPB@?$AAS?$AAu?$AAn?$AAd?$AAa?$AAy?$AA?$AA@ 000000018000e680     libucrt:nlsdata.obj
 0002:00001690       ??_C@_1O@MMNBFLIA@?$AAM?$AAo?$AAn?$AAd?$AAa?$AAy?$AA?$AA@ 000000018000e690     libucrt:nlsdata.obj
 0002:000016a0       ??_C@_1BA@ENFBFFEK@?$AAT?$AAu?$AAe?$AAs?$AAd?$AAa?$AAy?$AA?$AA@ 000000018000e6a0     libucrt:nlsdata.obj
 0002:000016b0       ??_C@_1BE@EBOGMDOH@?$AAW?$AAe?$AAd?$AAn?$AAe?$AAs?$AAd?$AAa?$AAy?$AA?$AA@ 000000018000e6b0     libucrt:nlsdata.obj
 0002:000016c8       ??_C@_1BC@HHMNLIHE@?$AAT?$AAh?$AAu?$AAr?$AAs?$AAd?$AAa?$AAy?$AA?$AA@ 000000018000e6c8     libucrt:nlsdata.obj
 0002:000016e0       ??_C@_1O@PDICJHAG@?$AAF?$AAr?$AAi?$AAd?$AAa?$AAy?$AA?$AA@ 000000018000e6e0     libucrt:nlsdata.obj
 0002:000016f0       ??_C@_1BC@ENMNNPAJ@?$AAS?$AAa?$AAt?$AAu?$AAr?$AAd?$AAa?$AAy?$AA?$AA@ 000000018000e6f0     libucrt:nlsdata.obj
 0002:00001708       ??_C@_17DKNBKCHM@?$AAJ?$AAa?$AAn?$AA?$AA@ 000000018000e708     libucrt:nlsdata.obj
 0002:00001710       ??_C@_17LMDJEKJN@?$AAF?$AAe?$AAb?$AA?$AA@ 000000018000e710     libucrt:nlsdata.obj
 0002:00001718       ??_C@_17CKNLEDEC@?$AAM?$AAa?$AAr?$AA?$AA@ 000000018000e718     libucrt:nlsdata.obj
 0002:00001720       ??_C@_17LFPOIHDD@?$AAA?$AAp?$AAr?$AA?$AA@ 000000018000e720     libucrt:nlsdata.obj
 0002:00001728       ??_C@_17PNNKMEED@?$AAM?$AAa?$AAy?$AA?$AA@ 000000018000e728     libucrt:nlsdata.obj
 0002:00001730       ??_C@_17KCJGOCPB@?$AAJ?$AAu?$AAn?$AA?$AA@ 000000018000e730     libucrt:nlsdata.obj
 0002:00001738       ??_C@_17IJPCKHK@?$AAJ?$AAu?$AAl?$AA?$AA@ 000000018000e738     libucrt:nlsdata.obj
 0002:00001740       ??_C@_17ICPELBCN@?$AAA?$AAu?$AAg?$AA?$AA@ 000000018000e740     libucrt:nlsdata.obj
 0002:00001748       ??_C@_17HCHCOKMG@?$AAS?$AAe?$AAp?$AA?$AA@ 000000018000e748     libucrt:nlsdata.obj
 0002:00001750       ??_C@_17FNLKOI@?$AAO?$AAc?$AAt?$AA?$AA@ 000000018000e750     libucrt:nlsdata.obj
 0002:00001758       ??_C@_17BBDMLCIG@?$AAN?$AAo?$AAv?$AA?$AA@ 000000018000e758     libucrt:nlsdata.obj
 0002:00001760       ??_C@_17EGKACKIF@?$AAD?$AAe?$AAc?$AA?$AA@ 000000018000e760     libucrt:nlsdata.obj
 0002:00001768       ??_C@_1BA@EFMEIEBA@?$AAJ?$AAa?$AAn?$AAu?$AAa?$AAr?$AAy?$AA?$AA@ 000000018000e768     libucrt:nlsdata.obj
 0002:00001778       ??_C@_1BC@JGDDFFAM@?$AAF?$AAe?$AAb?$AAr?$AAu?$AAa?$AAr?$AAy?$AA?$AA@ 000000018000e778     libucrt:nlsdata.obj
 0002:00001790       ??_C@_1M@IKEENEDF@?$AAM?$AAa?$AAr?$AAc?$AAh?$AA?$AA@ 000000018000e790     libucrt:nlsdata.obj
 0002:000017a0       ??_C@_1M@GJNLMHFD@?$AAA?$AAp?$AAr?$AAi?$AAl?$AA?$AA@ 000000018000e7a0     libucrt:nlsdata.obj
 0002:000017b0       ??_C@_19EPFLPGAP@?$AAJ?$AAu?$AAn?$AAe?$AA?$AA@ 000000018000e7b0     libucrt:nlsdata.obj
 0002:000017c0       ??_C@_19BIFMLPCD@?$AAJ?$AAu?$AAl?$AAy?$AA?$AA@ 000000018000e7c0     libucrt:nlsdata.obj
 0002:000017d0       ??_C@_1O@PAHLKOAC@?$AAA?$AAu?$AAg?$AAu?$AAs?$AAt?$AA?$AA@ 000000018000e7d0     libucrt:nlsdata.obj
 0002:000017e0       ??_C@_1BE@DKAAMBJL@?$AAS?$AAe?$AAp?$AAt?$AAe?$AAm?$AAb?$AAe?$AAr?$AA?$AA@ 000000018000e7e0     libucrt:nlsdata.obj
 0002:000017f8       ??_C@_1BA@EPANDLNG@?$AAO?$AAc?$AAt?$AAo?$AAb?$AAe?$AAr?$AA?$AA@ 000000018000e7f8     libucrt:nlsdata.obj
 0002:00001808       ??_C@_1BC@BGLIFPF@?$AAN?$AAo?$AAv?$AAe?$AAm?$AAb?$AAe?$AAr?$AA?$AA@ 000000018000e808     libucrt:nlsdata.obj
 0002:00001820       ??_C@_1BC@FEMKIFH@?$AAD?$AAe?$AAc?$AAe?$AAm?$AAb?$AAe?$AAr?$AA?$AA@ 000000018000e820     libucrt:nlsdata.obj
 0002:00001834       ??_C@_15ODEHAHHF@?$AAA?$AAM?$AA?$AA@ 000000018000e834     libucrt:nlsdata.obj
 0002:0000183c       ??_C@_15CLMNNGEL@?$AAP?$AAM?$AA?$AA@ 000000018000e83c     libucrt:nlsdata.obj
 0002:00001848       ??_C@_1BC@IEBCMHCM@?$AAM?$AAM?$AA?1?$AAd?$AAd?$AA?1?$AAy?$AAy?$AA?$AA@ 000000018000e848     libucrt:nlsdata.obj
 0002:00001860       ??_C@_1CI@KNAKOEBC@?$AAd?$AAd?$AAd?$AAd?$AA?0?$AA?5?$AAM?$AAM?$AAM?$AAM?$AA?5?$AAd?$AAd?$AA?0?$AA?5?$AAy?$AAy?$AAy?$AAy?$AA?$AA@ 000000018000e860     libucrt:nlsdata.obj
 0002:00001888       ??_C@_1BC@GDGBMEMK@?$AAH?$AAH?$AA?3?$AAm?$AAm?$AA?3?$AAs?$AAs?$AA?$AA@ 000000018000e888     libucrt:nlsdata.obj
 0002:000018a0       ??_C@_1M@BMHNFIME@?$AAe?$AAn?$AA?9?$AAU?$AAS?$AA?$AA@ 000000018000e8a0     libucrt:nlsdata.obj
 0002:000018d0       ??_C@_1M@HPNHIDJI@?$AAj?$AAa?$AA?9?$AAJ?$AAP?$AA?$AA@ 000000018000e8d0     libucrt:mbctype.obj
 0002:000018e0       ??_C@_1M@BIBDDEMK@?$AAz?$AAh?$AA?9?$AAC?$AAN?$AA?$AA@ 000000018000e8e0     libucrt:mbctype.obj
 0002:000018f0       ??_C@_1M@JLOOOEGK@?$AAk?$AAo?$AA?9?$AAK?$AAR?$AA?$AA@ 000000018000e8f0     libucrt:mbctype.obj
 0002:00001900       ??_C@_1M@CLNBBOPM@?$AAz?$AAh?$AA?9?$AAT?$AAW?$AA?$AA@ 000000018000e900     libucrt:mbctype.obj
 0002:000019b0       ??_C@_1EA@JGEFHKEI@?$AAa?$AAp?$AAi?$AA?9?$AAm?$AAs?$AA?9?$AAw?$AAi?$AAn?$AA?9?$AAc?$AAo?$AAr?$AAe?$AA?9?$AAd?$AAa?$AAt?$AAe?$AAt?$AAi?$AAm?$AAe?$AA?9?$AAl?$AA1?$AA?9?$AA1?$AA?9?$AA1?$AA?$AA@ 000000018000e9b0     libucrt:winapi_thunks.obj
 0002:000019f0       ??_C@_1DI@IJCEHOCB@?$AAa?$AAp?$AAi?$AA?9?$AAm?$AAs?$AA?9?$AAw?$AAi?$AAn?$AA?9?$AAc?$AAo?$AAr?$AAe?$AA?9?$AAf?$AAi?$AAl?$AAe?$AA?9?$AAl?$AA1?$AA?9?$AA2?$AA?9?$AA2?$AA?$AA@ 000000018000e9f0     libucrt:winapi_thunks.obj
 0002:00001a30       ??_C@_1EI@MPIAOHOC@?$AAa?$AAp?$AAi?$AA?9?$AAm?$AAs?$AA?9?$AAw?$AAi?$AAn?$AA?9?$AAc?$AAo?$AAr?$AAe?$AA?9?$AAl?$AAo?$AAc?$AAa?$AAl?$AAi?$AAz?$AAa?$AAt?$AAi?$AAo?$AAn?$AA?9?$AAl?$AA1?$AA?9@ 000000018000ea30     libucrt:winapi_thunks.obj
 0002:00001a80       ??_C@_1FK@FPHCKFIE@?$AAa?$AAp?$AAi?$AA?9?$AAm?$AAs?$AA?9?$AAw?$AAi?$AAn?$AA?9?$AAc?$AAo?$AAr?$AAe?$AA?9?$AAl?$AAo?$AAc?$AAa?$AAl?$AAi?$AAz?$AAa?$AAt?$AAi?$AAo?$AAn?$AA?9?$AAo?$AAb?$AAs@ 000000018000ea80     libucrt:winapi_thunks.obj
 0002:00001ae0       ??_C@_1EM@DILCGIIO@?$AAa?$AAp?$AAi?$AA?9?$AAm?$AAs?$AA?9?$AAw?$AAi?$AAn?$AA?9?$AAc?$AAo?$AAr?$AAe?$AA?9?$AAp?$AAr?$AAo?$AAc?$AAe?$AAs?$AAs?$AAt?$AAh?$AAr?$AAe?$AAa?$AAd?$AAs?$AA?9?$AAl@ 000000018000eae0     libucrt:winapi_thunks.obj
 0002:00001b30       ??_C@_1DM@LNCGDDPN@?$AAa?$AAp?$AAi?$AA?9?$AAm?$AAs?$AA?9?$AAw?$AAi?$AAn?$AA?9?$AAc?$AAo?$AAr?$AAe?$AA?9?$AAs?$AAt?$AAr?$AAi?$AAn?$AAg?$AA?9?$AAl?$AA1?$AA?9?$AA1?$AA?9?$AA0?$AA?$AA@ 000000018000eb30     libucrt:winapi_thunks.obj
 0002:00001b70       ??_C@_1DO@FPAPJEMD@?$AAa?$AAp?$AAi?$AA?9?$AAm?$AAs?$AA?9?$AAw?$AAi?$AAn?$AA?9?$AAc?$AAo?$AAr?$AAe?$AA?9?$AAs?$AAy?$AAs?$AAi?$AAn?$AAf?$AAo?$AA?9?$AAl?$AA1?$AA?9?$AA2?$AA?9?$AA1?$AA?$AA@ 000000018000eb70     libucrt:winapi_thunks.obj
 0002:00001bb0       ??_C@_1DK@NDHNAHIO@?$AAa?$AAp?$AAi?$AA?9?$AAm?$AAs?$AA?9?$AAw?$AAi?$AAn?$AA?9?$AAc?$AAo?$AAr?$AAe?$AA?9?$AAw?$AAi?$AAn?$AAr?$AAt?$AA?9?$AAl?$AA1?$AA?9?$AA1?$AA?9?$AA0?$AA?$AA@ 000000018000ebb0     libucrt:winapi_thunks.obj
 0002:00001bf0       ??_C@_1DM@KGHDGBCM@?$AAa?$AAp?$AAi?$AA?9?$AAm?$AAs?$AA?9?$AAw?$AAi?$AAn?$AA?9?$AAc?$AAo?$AAr?$AAe?$AA?9?$AAx?$AAs?$AAt?$AAa?$AAt?$AAe?$AA?9?$AAl?$AA2?$AA?9?$AA1?$AA?9?$AA0?$AA?$AA@ 000000018000ebf0     libucrt:winapi_thunks.obj
 0002:00001c30       ??_C@_1EO@IJIOEFOH@?$AAa?$AAp?$AAi?$AA?9?$AAm?$AAs?$AA?9?$AAw?$AAi?$AAn?$AA?9?$AAr?$AAt?$AAc?$AAo?$AAr?$AAe?$AA?9?$AAn?$AAt?$AAu?$AAs?$AAe?$AAr?$AA?9?$AAw?$AAi?$AAn?$AAd?$AAo?$AAw?$AA?9@ 000000018000ec30     libucrt:winapi_thunks.obj
 0002:00001c80       ??_C@_1FG@HHGEKANL@?$AAa?$AAp?$AAi?$AA?9?$AAm?$AAs?$AA?9?$AAw?$AAi?$AAn?$AA?9?$AAs?$AAe?$AAc?$AAu?$AAr?$AAi?$AAt?$AAy?$AA?9?$AAs?$AAy?$AAs?$AAt?$AAe?$AAm?$AAf?$AAu?$AAn?$AAc?$AAt?$AAi@ 000000018000ec80     libucrt:winapi_thunks.obj
 0002:00001ce0       ??_C@_1EG@DBIOJECG@?$AAe?$AAx?$AAt?$AA?9?$AAm?$AAs?$AA?9?$AAw?$AAi?$AAn?$AA?9?$AAn?$AAt?$AAu?$AAs?$AAe?$AAr?$AA?9?$AAd?$AAi?$AAa?$AAl?$AAo?$AAg?$AAb?$AAo?$AAx?$AA?9?$AAl?$AA1?$AA?9?$AA1@ 000000018000ece0     libucrt:winapi_thunks.obj
 0002:00001d30       ??_C@_1EO@FIHMJCLF@?$AAe?$AAx?$AAt?$AA?9?$AAm?$AAs?$AA?9?$AAw?$AAi?$AAn?$AA?9?$AAn?$AAt?$AAu?$AAs?$AAe?$AAr?$AA?9?$AAw?$AAi?$AAn?$AAd?$AAo?$AAw?$AAs?$AAt?$AAa?$AAt?$AAi?$AAo?$AAn?$AA?9@ 000000018000ed30     libucrt:winapi_thunks.obj
 0002:00001d80       ??_C@_1BC@DNHGCMLG@?$AAa?$AAd?$AAv?$AAa?$AAp?$AAi?$AA3?$AA2?$AA?$AA@ 000000018000ed80     libucrt:winapi_thunks.obj
 0002:00001d98       ??_C@_1M@OAIMIKLP@?$AAn?$AAt?$AAd?$AAl?$AAl?$AA?$AA@ 000000018000ed98     libucrt:winapi_thunks.obj
 0002:00001db0       ??_C@_1EG@DPGNFKGC@?$AAa?$AAp?$AAi?$AA?9?$AAm?$AAs?$AA?9?$AAw?$AAi?$AAn?$AA?9?$AAa?$AAp?$AAp?$AAm?$AAo?$AAd?$AAe?$AAl?$AA?9?$AAr?$AAu?$AAn?$AAt?$AAi?$AAm?$AAe?$AA?9?$AAl?$AA1?$AA?9?$AA1@ 000000018000edb0     libucrt:winapi_thunks.obj
 0002:00001df8       ??_C@_1O@BCCLBEOE@?$AAu?$AAs?$AAe?$AAr?$AA3?$AA2?$AA?$AA@ 000000018000edf8     libucrt:winapi_thunks.obj
 0002:00001e38       ??_C@_0O@KKBNKAPF@LCMapStringEx?$AA@ 000000018000ee38     libucrt:winapi_thunks.obj
 0002:00001e50       ??_C@_0BB@HBDEELFH@LocaleNameToLCID?$AA@ 000000018000ee50     libucrt:winapi_thunks.obj
 0002:00001e68       ??_C@_0CF@OJOFEIGO@AppPolicyGetProcessTerminationMe@ 000000018000ee68     libucrt:winapi_thunks.obj
 0002:00001e90       __newctype                 000000018000ee90     libucrt:ctype.obj
 0002:00002190       __newclmap                 000000018000f190     libucrt:ctype.obj
 0002:00002310       __newcumap                 000000018000f310     libucrt:ctype.obj
 0002:00002490       ??_C@_15PJPFLCCM@?$AAu?$AAk?$AA?$AA@ 000000018000f490     libucrt:get_qualified_locale.obj
 0002:00002498       ??_C@_1M@BJNKEDC@?$AAc?$AAa?$AA?9?$AAE?$AAS?$AA?$AA@ 000000018000f498     libucrt:lcidtoname_downlevel.obj
 0002:000024a8       ??_C@_1M@IJJHFJHA@?$AAc?$AAs?$AA?9?$AAC?$AAZ?$AA?$AA@ 000000018000f4a8     libucrt:lcidtoname_downlevel.obj
 0002:000024b8       ??_C@_1M@CLPEOBGI@?$AAd?$AAa?$AA?9?$AAD?$AAK?$AA?$AA@ 000000018000f4b8     libucrt:lcidtoname_downlevel.obj
 0002:000024c8       ??_C@_1M@MCMADGCB@?$AAd?$AAe?$AA?9?$AAD?$AAE?$AA?$AA@ 000000018000f4c8     libucrt:lcidtoname_downlevel.obj
 0002:000024d8       ??_C@_1M@OOCKEMAM@?$AAe?$AAl?$AA?9?$AAG?$AAR?$AA?$AA@ 000000018000f4d8     libucrt:lcidtoname_downlevel.obj
 0002:000024e8       ??_C@_1M@DDNJFGID@?$AAf?$AAi?$AA?9?$AAF?$AAI?$AA?$AA@ 000000018000f4e8     libucrt:lcidtoname_downlevel.obj
 0002:000024f8       ??_C@_1M@GLIPPMAC@?$AAf?$AAr?$AA?9?$AAF?$AAR?$AA?$AA@ 000000018000f4f8     libucrt:lcidtoname_downlevel.obj
 0002:00002508       ??_C@_1M@GFMCHPE@?$AAh?$AAe?$AA?9?$AAI?$AAL?$AA?$AA@ 000000018000f508     libucrt:lcidtoname_downlevel.obj
 0002:00002518       ??_C@_1M@MHLPGNKM@?$AAh?$AAu?$AA?9?$AAH?$AAU?$AA?$AA@ 000000018000f518     libucrt:lcidtoname_downlevel.obj
 0002:00002528       ??_C@_1M@LPDDNNPN@?$AAi?$AAs?$AA?9?$AAI?$AAS?$AA?$AA@ 000000018000f528     libucrt:lcidtoname_downlevel.obj
 0002:00002538       ??_C@_1M@MADIPODN@?$AAi?$AAt?$AA?9?$AAI?$AAT?$AA?$AA@ 000000018000f538     libucrt:lcidtoname_downlevel.obj
 0002:00002548       ??_C@_1M@IHBJJGG@?$AAn?$AAl?$AA?9?$AAN?$AAL?$AA?$AA@ 000000018000f548     libucrt:lcidtoname_downlevel.obj
 0002:00002558       ??_C@_1M@EANAGDL@?$AAn?$AAb?$AA?9?$AAN?$AAO?$AA?$AA@ 000000018000f558     libucrt:lcidtoname_downlevel.obj
 0002:00002568       ??_C@_1M@NEIEMEGP@?$AAp?$AAl?$AA?9?$AAP?$AAL?$AA?$AA@ 000000018000f568     libucrt:lcidtoname_downlevel.obj
 0002:00002578       ??_C@_1M@BOCFIGEP@?$AAp?$AAt?$AA?9?$AAB?$AAR?$AA?$AA@ 000000018000f578     libucrt:lcidtoname_downlevel.obj
 0002:00002588       ??_C@_1M@IMPFOPBG@?$AAr?$AAo?$AA?9?$AAR?$AAO?$AA?$AA@ 000000018000f588     libucrt:lcidtoname_downlevel.obj
 0002:00002598       ??_C@_1M@IDNNEJMM@?$AAr?$AAu?$AA?9?$AAR?$AAU?$AA?$AA@ 000000018000f598     libucrt:lcidtoname_downlevel.obj
 0002:000025a8       ??_C@_1M@LILEEOGM@?$AAh?$AAr?$AA?9?$AAH?$AAR?$AA?$AA@ 000000018000f5a8     libucrt:lcidtoname_downlevel.obj
 0002:000025b8       ??_C@_1M@FKIFEHPB@?$AAs?$AAk?$AA?9?$AAS?$AAK?$AA?$AA@ 000000018000f5b8     libucrt:lcidtoname_downlevel.obj
 0002:000025c8       ??_C@_1M@LJMAMNPJ@?$AAs?$AAq?$AA?9?$AAA?$AAL?$AA?$AA@ 000000018000f5c8     libucrt:lcidtoname_downlevel.obj
 0002:000025d8       ??_C@_1M@GIAKDKJK@?$AAs?$AAv?$AA?9?$AAS?$AAE?$AA?$AA@ 000000018000f5d8     libucrt:lcidtoname_downlevel.obj
 0002:000025e8       ??_C@_1M@MKJKIKCL@?$AAt?$AAh?$AA?9?$AAT?$AAH?$AA?$AA@ 000000018000f5e8     libucrt:lcidtoname_downlevel.obj
 0002:000025f8       ??_C@_1M@MFLCCMPB@?$AAt?$AAr?$AA?9?$AAT?$AAR?$AA?$AA@ 000000018000f5f8     libucrt:lcidtoname_downlevel.obj
 0002:00002608       ??_C@_1M@OIJHDKJN@?$AAu?$AAr?$AA?9?$AAP?$AAK?$AA?$AA@ 000000018000f608     libucrt:lcidtoname_downlevel.obj
 0002:00002618       ??_C@_1M@LHIPCIEK@?$AAi?$AAd?$AA?9?$AAI?$AAD?$AA?$AA@ 000000018000f618     libucrt:lcidtoname_downlevel.obj
 0002:00002628       ??_C@_1M@MFMOBGI@?$AAu?$AAk?$AA?9?$AAU?$AAA?$AA?$AA@ 000000018000f628     libucrt:lcidtoname_downlevel.obj
 0002:00002638       ??_C@_1M@OBGLJIPL@?$AAb?$AAe?$AA?9?$AAB?$AAY?$AA?$AA@ 000000018000f638     libucrt:lcidtoname_downlevel.obj
 0002:00002648       ??_C@_1M@BCFAJEAD@?$AAs?$AAl?$AA?9?$AAS?$AAI?$AA?$AA@ 000000018000f648     libucrt:lcidtoname_downlevel.obj
 0002:00002658       ??_C@_1M@FKFFEDDN@?$AAe?$AAt?$AA?9?$AAE?$AAE?$AA?$AA@ 000000018000f658     libucrt:lcidtoname_downlevel.obj
 0002:00002668       ??_C@_1M@KGKKAACI@?$AAl?$AAv?$AA?9?$AAL?$AAV?$AA?$AA@ 000000018000f668     libucrt:lcidtoname_downlevel.obj
 0002:00002678       ??_C@_1M@IFGBIJO@?$AAl?$AAt?$AA?9?$AAL?$AAT?$AA?$AA@ 000000018000f678     libucrt:lcidtoname_downlevel.obj
 0002:00002688       ??_C@_1M@FGEAHEDM@?$AAf?$AAa?$AA?9?$AAI?$AAR?$AA?$AA@ 000000018000f688     libucrt:lcidtoname_downlevel.obj
 0002:00002698       ??_C@_1M@KBMAIBFN@?$AAv?$AAi?$AA?9?$AAV?$AAN?$AA?$AA@ 000000018000f698     libucrt:lcidtoname_downlevel.obj
 0002:000026a8       ??_C@_1M@GPCBKDJK@?$AAh?$AAy?$AA?9?$AAA?$AAM?$AA?$AA@ 000000018000f6a8     libucrt:lcidtoname_downlevel.obj
 0002:000026b8       ??_C@_1BG@BECMDDJB@?$AAa?$AAz?$AA?9?$AAA?$AAZ?$AA?9?$AAL?$AAa?$AAt?$AAn?$AA?$AA@ 000000018000f6b8     libucrt:lcidtoname_downlevel.obj
 0002:000026d0       ??_C@_1M@MAOFCAEA@?$AAe?$AAu?$AA?9?$AAE?$AAS?$AA?$AA@ 000000018000f6d0     libucrt:lcidtoname_downlevel.obj
 0002:000026e0       ??_C@_1M@IGHABKPI@?$AAm?$AAk?$AA?9?$AAM?$AAK?$AA?$AA@ 000000018000f6e0     libucrt:lcidtoname_downlevel.obj
 0002:000026f0       ??_C@_1M@IAIGNEJG@?$AAt?$AAn?$AA?9?$AAZ?$AAA?$AA?$AA@ 000000018000f6f0     libucrt:lcidtoname_downlevel.obj
 0002:00002700       ??_C@_1M@IIJCOJFA@?$AAx?$AAh?$AA?9?$AAZ?$AAA?$AA?$AA@ 000000018000f700     libucrt:lcidtoname_downlevel.obj
 0002:00002710       ??_C@_1M@LGPJHNJH@?$AAz?$AAu?$AA?9?$AAZ?$AAA?$AA?$AA@ 000000018000f710     libucrt:lcidtoname_downlevel.obj
 0002:00002720       ??_C@_1M@HOKAOIO@?$AAa?$AAf?$AA?9?$AAZ?$AAA?$AA?$AA@ 000000018000f720     libucrt:lcidtoname_downlevel.obj
 0002:00002730       ??_C@_1M@DPCLHLIE@?$AAk?$AAa?$AA?9?$AAG?$AAE?$AA?$AA@ 000000018000f730     libucrt:lcidtoname_downlevel.obj
 0002:00002740       ??_C@_1M@BLKMHJBI@?$AAf?$AAo?$AA?9?$AAF?$AAO?$AA?$AA@ 000000018000f740     libucrt:lcidtoname_downlevel.obj
 0002:00002750       ??_C@_1M@LGGJAPPB@?$AAh?$AAi?$AA?9?$AAI?$AAN?$AA?$AA@ 000000018000f750     libucrt:lcidtoname_downlevel.obj
 0002:00002760       ??_C@_1M@FIKPIHFE@?$AAm?$AAt?$AA?9?$AAM?$AAT?$AA?$AA@ 000000018000f760     libucrt:lcidtoname_downlevel.obj
 0002:00002770       ??_C@_1M@HEGGPBFA@?$AAs?$AAe?$AA?9?$AAN?$AAO?$AA?$AA@ 000000018000f770     libucrt:lcidtoname_downlevel.obj
 0002:00002780       ??_C@_1M@EIBJEEPA@?$AAm?$AAs?$AA?9?$AAM?$AAY?$AA?$AA@ 000000018000f780     libucrt:lcidtoname_downlevel.obj
 0002:00002790       ??_C@_1M@FHLBGMPP@?$AAk?$AAk?$AA?9?$AAK?$AAZ?$AA?$AA@ 000000018000f790     libucrt:lcidtoname_downlevel.obj
 0002:000027a0       ??_C@_1M@NGJJLCGI@?$AAk?$AAy?$AA?9?$AAK?$AAG?$AA?$AA@ 000000018000f7a0     libucrt:lcidtoname_downlevel.obj
 0002:000027b0       ??_C@_1M@GIENNBFC@?$AAs?$AAw?$AA?9?$AAK?$AAE?$AA?$AA@ 000000018000f7b0     libucrt:lcidtoname_downlevel.obj
 0002:000027c0       ??_C@_1BG@NDGMJIMJ@?$AAu?$AAz?$AA?9?$AAU?$AAZ?$AA?9?$AAL?$AAa?$AAt?$AAn?$AA?$AA@ 000000018000f7c0     libucrt:lcidtoname_downlevel.obj
 0002:000027d8       ??_C@_1M@IDCCIHBC@?$AAt?$AAt?$AA?9?$AAR?$AAU?$AA?$AA@ 000000018000f7d8     libucrt:lcidtoname_downlevel.obj
 0002:000027e8       ??_C@_1M@LOICPMOJ@?$AAb?$AAn?$AA?9?$AAI?$AAN?$AA?$AA@ 000000018000f7e8     libucrt:lcidtoname_downlevel.obj
 0002:000027f8       ??_C@_1M@KPKKNEAH@?$AAp?$AAa?$AA?9?$AAI?$AAN?$AA?$AA@ 000000018000f7f8     libucrt:lcidtoname_downlevel.obj
 0002:00002808       ??_C@_1M@PJGPPBOG@?$AAg?$AAu?$AA?9?$AAI?$AAN?$AA?$AA@ 000000018000f808     libucrt:lcidtoname_downlevel.obj
 0002:00002818       ??_C@_1M@KMKMOPHI@?$AAt?$AAa?$AA?9?$AAI?$AAN?$AA?$AA@ 000000018000f818     libucrt:lcidtoname_downlevel.obj
 0002:00002828       ??_C@_1M@KFEHEPAC@?$AAt?$AAe?$AA?9?$AAI?$AAN?$AA?$AA@ 000000018000f828     libucrt:lcidtoname_downlevel.obj
 0002:00002838       ??_C@_1M@CDCLMGHI@?$AAk?$AAn?$AA?9?$AAI?$AAN?$AA?$AA@ 000000018000f838     libucrt:lcidtoname_downlevel.obj
[...]
 0004:00000768       $pdata$??$common_expand_argv_wildcards@D@@YAHQEAPEADQEAPEAPEAD@Z 0000000180019768     libucrt:argv_wildcards.obj
 0004:00000774       $pdata$??$copy_and_add_argument_to_buffer@D@@YAHQEBD0_KAEAV?$argument_list@D@?A0x5f5c8891@@@Z 0000000180019774     libucrt:argv_wildcards.obj
 0004:00000780       $pdata$??$expand_argument_wildcards@D@@YAHQEAD0AEAV?$argument_list@D@?A0x5f5c8891@@@Z 0000000180019780     libucrt:argv_wildcards.obj
 0004:0000078c       $pdata$??$?RV<lambda_efdfa57d1f175319df784efa44bb7b81>@@AEAV<lambda_5f0a4c1567f8adc6734073e5d1e1b35c>@@V<lambda_2e8a7d3640ea6ccb4c2413664c2db6fd>@@@?$__crt_seh_guarded_call@X@@QEAAX$$QEAV<lambda_efdfa57d1f175319df784efa44bb7b81>@@AEAV<lambda_5f0a4c1567f8adc6734073e5d1e1b35c>@@$$QEAV<lambda_2e8a7d3640ea6ccb4c2413664c2db6fd>@@@Z 000000018001978c     libucrt:mbctype.obj
 0004:00000798       $pdata$?getSystemCP@@YAHH@Z 0000000180019798     libucrt:mbctype.obj
 0004:000007a4       $pdata$?setSBCS@@YAXPEAU__crt_multibyte_data@@@Z 00000001800197a4     libucrt:mbctype.obj
 0004:000007b0       $pdata$?setSBUpLow@@YAXPEAU__crt_multibyte_data@@@Z 00000001800197b0     libucrt:mbctype.obj
 0004:000007bc       $pdata$?setmbcp_internal@@YAHH_NQEAU__acrt_ptd@@QEAPEAU__crt_multibyte_data@@@Z 00000001800197bc     libucrt:mbctype.obj
 0004:000007c8       $pdata$?update_thread_multibyte_data_internal@@YAPEAU__crt_multibyte_data@@QEAU__acrt_ptd@@QEAPEAU1@@Z 00000001800197c8     libucrt:mbctype.obj
 0004:000007d4       $pdata$__acrt_initialize_multibyte 00000001800197d4     libucrt:mbctype.obj
 0004:000007e0       $pdata$__acrt_update_thread_multibyte_data 00000001800197e0     libucrt:mbctype.obj
 0004:000007ec       $pdata$_setmbcp_nolock     00000001800197ec     libucrt:mbctype.obj
 0004:000007f8       $pdata$?x_ismbbtype_l@@YAHPEAU__crt_locale_pointers@@IHH@Z 00000001800197f8     libucrt:ismbbyte.obj
 0004:00000804       $pdata$__acrt_initialize_command_line 0000000180019804     libucrt:argv_data.obj
 0004:00000810       $pdata$__dcrt_get_narrow_environment_from_os 0000000180019810     libucrt:get_environment_from_os.obj
 0004:0000081c       $pdata$_recalloc_base      000000018001981c     libucrt:recalloc.obj
 0004:00000828       $pdata$?try_get_function@@YAPEAXW4function_id@?A0x391cf84c@@QEBDQEBW4module_id@2@2@Z 0000000180019828     libucrt:winapi_thunks.obj
 0004:00000834       $pdata$__acrt_AppPolicyGetProcessTerminationMethodInternal 0000000180019834     libucrt:winapi_thunks.obj
 0004:00000840       $pdata$__acrt_FlsAlloc     0000000180019840     libucrt:winapi_thunks.obj
 0004:0000084c       $pdata$__acrt_FlsFree      000000018001984c     libucrt:winapi_thunks.obj
 0004:00000858       $pdata$__acrt_FlsGetValue  0000000180019858     libucrt:winapi_thunks.obj
 0004:00000864       $pdata$__acrt_FlsSetValue  0000000180019864     libucrt:winapi_thunks.obj
 0004:00000870       $pdata$__acrt_InitializeCriticalSectionEx 0000000180019870     libucrt:winapi_thunks.obj
 0004:0000087c       $pdata$__acrt_LCMapStringEx 000000018001987c     libucrt:winapi_thunks.obj
 0004:00000888       $pdata$__acrt_LocaleNameToLCID 0000000180019888     libucrt:winapi_thunks.obj
 0004:00000894       $pdata$__acrt_initialize_winapi_thunks 0000000180019894     libucrt:winapi_thunks.obj
 0004:000008a0       $pdata$__acrt_uninitialize_winapi_thunks 00000001800198a0     libucrt:winapi_thunks.obj
 0004:000008ac       $pdata$__acrt_initialize_heap 00000001800198ac     libucrt:heap_handle.obj
 0004:000008b8       $pdata$?initialize_inherited_file_handles_nolock@@YAXXZ 00000001800198b8     libucrt:ioinit.obj
 0004:000008c4       $pdata$?initialize_stdio_handles_nolock@@YAXXZ 00000001800198c4     libucrt:ioinit.obj
 0004:000008d0       $pdata$__acrt_initialize_lowio 00000001800198d0     libucrt:ioinit.obj
 0004:000008dc       $pdata$__acrt_uninitialize_lowio 00000001800198dc     libucrt:ioinit.obj
 0004:000008e8       $pdata$__acrt_execute_initializers 00000001800198e8     libucrt:shared_initialization.obj
 0004:000008f4       $pdata$__acrt_execute_uninitializers 00000001800198f4     libucrt:shared_initialization.obj
 0004:00000900       $pdata$_mbtowc_l           0000000180019900     libucrt:mbtowc.obj
 0004:0000090c       $pdata$_fileno             000000018001990c     libucrt:fileno.obj
 0004:00000918       $pdata$__pctype_func       0000000180019918     libucrt:ctype.obj
 0004:00000924       $pdata$_isctype_l          0000000180019924     libucrt:isctype.obj
 0004:00000930       $pdata$_fcloseall          0000000180019930     libucrt:closeall.obj
 0004:0000093c       $pdata$__acrt_stdio_free_buffer_nolock 000000018001993c     libucrt:_freebuf.obj
 0004:00000948       $pdata$??$?RV<lambda_a37b2b86f63e897a80ea819b0eb08c01>@@AEAV<lambda_38ce7e780aa69e748d6df282ebc68efe>@@V<lambda_99fb1378e971ab6e7edea83e3a7a83a2>@@@?$__crt_seh_guarded_call@H@@QEAAH$$QEAV<lambda_a37b2b86f63e897a80ea819b0eb08c01>@@AEAV<lambda_38ce7e780aa69e748d6df282ebc68efe>@@$$QEAV<lambda_99fb1378e971ab6e7edea83e3a7a83a2>@@@Z 0000000180019948     libucrt:commit.obj
 0004:00000954       $pdata$_commit             0000000180019954     libucrt:commit.obj
 0004:00000960       $pdata$?write_double_translated_ansi_nolock@@YA?AUwrite_result@?A0x17268360@@HQEBDI@Z 0000000180019960     libucrt:write.obj
 0004:0000096c       $pdata$?write_text_ansi_nolock@@YA?AUwrite_result@?A0x17268360@@HQEBDI@Z 000000018001996c     libucrt:write.obj
 0004:00000978       $pdata$?write_text_utf16le_nolock@@YA?AUwrite_result@?A0x17268360@@HQEBDI@Z 0000000180019978     libucrt:write.obj
 0004:00000984       $pdata$?write_text_utf8_nolock@@YA?AUwrite_result@?A0x17268360@@HQEBDI@Z 0000000180019984     libucrt:write.obj
 0004:00000990       $pdata$_write              0000000180019990     libucrt:write.obj
 0004:0000099c       $pdata$_write_nolock       000000018001999c     libucrt:write.obj
 0004:000009a8       $pdata$_isleadbyte_l       00000001800199a8     libucrt:_wctype.obj
 0004:000009b4       $pdata$?__acrt_LCMapStringA_stat@@YAHPEAU__crt_locale_pointers@@PEB_WKPEBDHPEADHHH@Z 00000001800199b4     libucrt:lcmapstringa.obj
 0004:000009c0       $pdata$__acrt_LCMapStringA 00000001800199c0     libucrt:lcmapstringa.obj
 0004:000009cc       $pdata$__acrt_free_locale  00000001800199cc     libucrt:locale_refcounting.obj
 0004:000009d8       $pdata$__acrt_locale_free_lc_time_if_unreferenced 00000001800199d8     libucrt:locale_refcounting.obj
 0004:000009e4       $pdata$__acrt_release_locale_ref 00000001800199e4     libucrt:locale_refcounting.obj
 0004:000009f0       $pdata$__acrt_update_thread_locale_data 00000001800199f0     libucrt:locale_refcounting.obj
 0004:000009fc       $pdata$_updatetlocinfoEx_nolock 00000001800199fc     libucrt:locale_refcounting.obj
 0004:00000a08       $pdata$__acrt_locale_free_monetary 0000000180019a08     libucrt:initmon.obj
 0004:00000a14       $pdata$__acrt_locale_free_numeric 0000000180019a14     libucrt:initnum.obj
 0004:00000a20       $pdata$?free_crt_array_internal@@YAXQEAPEBX_K@Z 0000000180019a20     libucrt:inittime.obj
 0004:00000a2c       $pdata$__acrt_locale_free_time 0000000180019a2c     libucrt:inittime.obj
 0004:00000a38       $pdata$__acrt_GetStringTypeA 0000000180019a38     libucrt:getstringtypea.obj
 0004:00000a44       $pdata$qsort               0000000180019a44     libucrt:qsort.obj
 0004:00000a50       $pdata$4$qsort             0000000180019a50     libucrt:qsort.obj
 0004:00000a5c       $pdata$5$qsort             0000000180019a5c     libucrt:qsort.obj
 0004:00000a68       $pdata$strncpy_s           0000000180019a68     libucrt:strncpy_s.obj
 0004:00000a74       $pdata$fallbackMethod      0000000180019a74     libucrt:strpbrk.obj
 0004:00000a80       $pdata$strpbrk             0000000180019a80     libucrt:strpbrk.obj
 0004:00000a8c       $pdata$_mbsdec_l           0000000180019a8c     libucrt:mbsdec.obj
 0004:00000a98       $pdata$?initialize_multibyte@@YAHXZ 0000000180019a98     libucrt:multibyte_initializer.obj
 0004:00000aa4       $pdata$_msize_base         0000000180019aa4     libucrt:msize.obj
 0004:00000ab0       $pdata$_realloc_base       0000000180019ab0     libucrt:realloc_base.obj
 0004:00000abc       $pdata$?GetTableIndexFromLocaleName@@YAHPEB_W@Z 0000000180019abc     libucrt:lcidtoname_downlevel.obj
 0004:00000ac8       $pdata$__acrt_DownlevelLocaleNameToLCID 0000000180019ac8     libucrt:lcidtoname_downlevel.obj
 0004:00000ad4       $pdata$__acrt_lowio_create_handle_array 0000000180019ad4     libucrt:osfinfo.obj
 0004:00000ae0       $pdata$__acrt_lowio_destroy_handle_array 0000000180019ae0     libucrt:osfinfo.obj
 0004:00000aec       $pdata$__acrt_lowio_ensure_fh_exists 0000000180019aec     libucrt:osfinfo.obj
 0004:00000af8       $pdata$_free_osfhnd        0000000180019af8     libucrt:osfinfo.obj
 0004:00000b04       $pdata$_get_osfhandle      0000000180019b04     libucrt:osfinfo.obj
 0004:00000b10       $pdata$_isatty             0000000180019b10     libucrt:isatty.obj
 0004:00000b1c       $pdata$_fclose_nolock      0000000180019b1c     libucrt:fclose.obj
 0004:00000b28       $pdata$fclose              0000000180019b28     libucrt:fclose.obj
 0004:00000b34       $pdata$??$common_lseek_nolock@_J@@YA_JH_JH@Z 0000000180019b34     libucrt:lseek.obj
 0004:00000b40       $pdata$_putwch_nolock      0000000180019b40     libucrt:putwch.obj
 0004:00000b58       $pdata$??$?RV<lambda_751a882b2c74d4b022dec766aa51a29a>@@AEAV<lambda_628dfdc04ba53c8bfc02c9951375f3f5>@@V<lambda_f6c7be5f7998530c34de24c7437d6b54>@@@?$__crt_seh_guarded_call@H@@QEAAH$$QEAV<lambda_751a882b2c74d4b022dec766aa51a29a>@@AEAV<lambda_628dfdc04ba53c8bfc02c9951375f3f5>@@$$QEAV<lambda_f6c7be5f7998530c34de24c7437d6b54>@@@Z 0000000180019b58     libucrt:close.obj
 0004:00000b64       $pdata$_close              0000000180019b64     libucrt:close.obj
 0004:00000b70       $pdata$_close_nolock       0000000180019b70     libucrt:close.obj
 0004:00000b7c       $pdata$__dcrt_lowio_ensure_console_output_initialized 0000000180019b7c     libucrt:initcon.obj
 0004:00000b88       $pdata$__dcrt_terminate_console_output 0000000180019b88     libucrt:initcon.obj
 0004:00000b94       $pdata$__dcrt_write_console_w 0000000180019b94     libucrt:initcon.obj
 0004:00000ba0       $pdata$_call_matherr       0000000180019ba0     libucrt:libm_error.obj
 0004:00000bac       $pdata$_exception_enabled  0000000180019bac     libucrt:libm_error.obj
 0004:00000bb8       $pdata$_handle_error       0000000180019bb8     libucrt:libm_error.obj
 0004:00000bc4       $pdata$__acrt_initialize_fma3 0000000180019bc4     libucrt:fma3_available.obj
 0004:00000bd0       $pdata$_log10_special      0000000180019bd0     libucrt:log_special.obj
 0004:00000bdc       $pdata$_log_special_common 0000000180019bdc     libucrt:log_special.obj
 0004:00000bf4       $pdata$_raise_exc          0000000180019bf4     libucrt:fpexcept.obj
 0004:00000c00       $pdata$_raise_exc_ex       0000000180019c00     libucrt:fpexcept.obj
 0004:00000c0c       $pdata$_set_errno_from_matherr 0000000180019c0c     libucrt:fpexcept.obj
 0004:00000c18       $pdata$_clrfp              0000000180019c18     libucrt:fpctrl.obj
 0004:00000c24       $pdata$_ctrlfp             0000000180019c24     libucrt:fpctrl.obj
 0004:00000c30       $pdata$_set_statfp         0000000180019c30     libucrt:fpctrl.obj
 0004:00000c3c       $pdata$_statfp             0000000180019c3c     libucrt:fpctrl.obj
 0004:00000c48       $pdata$?DloadAcquireSectionWriteAccess@@YAXXZ 0000000180019c48     DelayImp:delayhlp.obj
 0004:00000c54       $pdata$?DloadGetSRWLockFunctionPointers@@YAEXZ 0000000180019c54     DelayImp:delayhlp.obj
 0004:00000c60       $pdata$?DloadMakePermanentImageCommit@@YAXPEAX_K@Z 0000000180019c60     DelayImp:delayhlp.obj
 0004:00000c6c       $pdata$?DloadObtainSection@@YAPEAXPEAK0@Z 0000000180019c6c     DelayImp:delayhlp.obj
 0004:00000c78       $pdata$?DloadProtectSection@@YAXKPEAK@Z 0000000180019c78     DelayImp:delayhlp.obj
 0004:00000c84       $pdata$?DloadReleaseSectionWriteAccess@@YAXXZ 0000000180019c84     DelayImp:delayhlp.obj
 0004:00000c90       $pdata$__delayLoadHelper2  0000000180019c90     DelayImp:delayhlp.obj
 0004:00000c9c       $pdata$_IsNonwritableInCurrentImage 0000000180019c9c     LIBCMT:pesect.obj
 0004:00000ca8       $pdata$__GSHandlerCheck    0000000180019ca8     LIBCMT:_gshandler_.obj
 0004:00000cb4       $pdata$__GSHandlerCheckCommon 0000000180019cb4     LIBCMT:_gshandler_.obj
 0004:00000d14       $pdata$?fin$0@?0??dllmain_crt_process_attach@@YAHQEAUHINSTANCE__@@QEAX@Z@4HA 0000000180019d14     LIBCMT:dll_dllmain.obj
 0004:00000d20       $pdata$?fin$0@?0??dllmain_crt_process_detach@@YAH_N@Z@4HA 0000000180019d20     LIBCMT:dll_dllmain.obj
 0004:00000d2c       $pdata$?filt$0@?0??dllmain_dispatch@@YAHQEAUHINSTANCE__@@KQEAX@Z@4HA 0000000180019d2c     LIBCMT:dll_dllmain.obj
 0004:00000d38       $pdata$__scrt_is_nonwritable_in_current_image$filt$0 0000000180019d38     LIBCMT:utility.obj
 0004:00000d44       $pdata$__DestructExceptionObject$filt$0 0000000180019d44     libvcruntime:ehhelpers.obj
 0004:00000d50       $pdata$_query_new_handler$fin$0 0000000180019d50     libucrt:new_handler.obj
 0004:00000d5c       $pdata$?fin$0@?0???$?RV<lambda_7777bce6b2f8c936911f934f8298dc43>@@AEAV<lambda_f03950bc5685219e0bcd2087efbe011e>@@V<lambda_3883c3dff614d5e0c5f61bb1ac94921c>@@@?$__crt_seh_guarded_call@H@@QEAAH$$QEAV<lambda_7777bce6b2f8c936911f934f8298dc43>@@AEAV<lambda_f03950bc5685219e0bcd2087efbe011e>@@$$QEAV<lambda_3883c3dff614d5e0c5f61bb1ac94921c>@@@Z@4HA 0000000180019d5c     libucrt:onexit.obj
 0004:00000d5c       $pdata$?fin$0@?0???$?RV<lambda_f2e299630e499de9f9a165e60fcd3db5>@@AEAV<lambda_2ae9d31cdba2644fcbeaf08da7c24588>@@V<lambda_40d01ff24d0e7b3814fdbdcee8eab3c7>@@@?$__crt_seh_guarded_call@X@@QEAAX$$QEAV<lambda_f2e299630e499de9f9a165e60fcd3db5>@@AEAV<lambda_2ae9d31cdba2644fcbeaf08da7c24588>@@$$QEAV<lambda_40d01ff24d0e7b3814fdbdcee8eab3c7>@@@Z@4HA 0000000180019d5c     libucrt:per_thread_data.obj
 0004:00000d5c       $pdata$?fin$0@?0???$?RV<lambda_aa87e3671a710a21b5dc78c0bdf72e11>@@AEAV<lambda_92619d2358a28f41a33ba319515a20b9>@@V<lambda_6992ecaafeb10aed2b74cb1fae11a551>@@@?$__crt_seh_guarded_call@X@@QEAAX$$QEAV<lambda_aa87e3671a710a21b5dc78c0bdf72e11>@@AEAV<lambda_92619d2358a28f41a33ba319515a20b9>@@$$QEAV<lambda_6992ecaafeb10aed2b74cb1fae11a551>@@@Z@4HA 0000000180019d5c     libucrt:per_thread_data.obj
 0004:00000d5c       $pdata$?fin$0@?0???$?RV<lambda_efdfa57d1f175319df784efa44bb7b81>@@AEAV<lambda_5f0a4c1567f8adc6734073e5d1e1b35c>@@V<lambda_2e8a7d3640ea6ccb4c2413664c2db6fd>@@@?$__crt_seh_guarded_call@X@@QEAAX$$QEAV<lambda_efdfa57d1f175319df784efa44bb7b81>@@AEAV<lambda_5f0a4c1567f8adc6734073e5d1e1b35c>@@$$QEAV<lambda_2e8a7d3640ea6ccb4c2413664c2db6fd>@@@Z@4HA 0000000180019d5c     libucrt:mbctype.obj
 0004:00000d5c       $pdata$?fin$0@?0???$?RV<lambda_d80eeec6fff315bfe5c115232f3240e3>@@AEAV<lambda_6e4b09c48022b2350581041d5f6b0c4c>@@V<lambda_2358e3775559c9db80273638284d5e45>@@@?$__crt_seh_guarded_call@X@@QEAAX$$QEAV<lambda_d80eeec6fff315bfe5c115232f3240e3>@@AEAV<lambda_6e4b09c48022b2350581041d5f6b0c4c>@@$$QEAV<lambda_2358e3775559c9db80273638284d5e45>@@@Z@4HA 0000000180019d5c     libucrt:exit.obj
 0004:00000d5c       $pdata$?fin$0@?0???$?RV<lambda_2d41944a1d46af3157314b8a01080d33>@@AEAV<lambda_8f455de75cd7d7f24b4096f044d8b9e6>@@V<lambda_aa500f224e6afead328df44964fe2772>@@@?$__crt_seh_guarded_call@X@@QEAAX$$QEAV<lambda_2d41944a1d46af3157314b8a01080d33>@@AEAV<lambda_8f455de75cd7d7f24b4096f044d8b9e6>@@$$QEAV<lambda_aa500f224e6afead328df44964fe2772>@@@Z@4HA 0000000180019d5c     libucrt:per_thread_data.obj
 0004:00000d5c       $pdata$?fin$0@?0???$?RV<lambda_450d765d439847d4c735a33c368b5fc0>@@AEAV<lambda_44731a7d0e6d81c3e6aa82d741081786>@@V<lambda_601a2a7da3b7a96e9554ac7215c4b07c>@@@?$__crt_seh_guarded_call@P6AXH@Z@@QEAAP6AXH@Z$$QEAV<lambda_450d765d439847d4c735a33c368b5fc0>@@AEAV<lambda_44731a7d0e6d81c3e6aa82d741081786>@@$$QEAV<lambda_601a2a7da3b7a96e9554ac7215c4b07c>@@@Z@4HA 0000000180019d5c     libucrt:signal.obj
 0004:00000d5c       $pdata$?fin$0@?0???$?RV<lambda_0ae27a3a962d80f24befdcbee591983d>@@AEAV<lambda_8d0ee55de4b1038c4002e0adecdf1839>@@V<lambda_dc504788e8f1664fe9b84e20bfb512f2>@@@?$__crt_seh_guarded_call@X@@QEAAX$$QEAV<lambda_0ae27a3a962d80f24befdcbee591983d>@@AEAV<lambda_8d0ee55de4b1038c4002e0adecdf1839>@@$$QEAV<lambda_dc504788e8f1664fe9b84e20bfb512f2>@@@Z@4HA 0000000180019d5c     libucrt:per_thread_data.obj
 0004:00000d68       $pdata$?filt$0@?0???R<lambda_6e4b09c48022b2350581041d5f6b0c4c>@@QEBA@XZ@4HA 0000000180019d68     libucrt:exit.obj
 0004:00000d74       $pdata$?fin$0@?0???$?RV<lambda_842d9ff0dc9ef11c61343bbaebe7f885>@@AEAV<lambda_c5860995281e5c4ce005b3de8f5874ee>@@V<lambda_d90129c13df834fdcbf8d2b88dafcf2d>@@@?$__crt_seh_guarded_call@X@@QEAAX$$QEAV<lambda_842d9ff0dc9ef11c61343bbaebe7f885>@@AEAV<lambda_c5860995281e5c4ce005b3de8f5874ee>@@$$QEAV<lambda_d90129c13df834fdcbf8d2b88dafcf2d>@@@Z@4HA 0000000180019d74     libucrt:fflush.obj
 0004:00000d80       $pdata$?fin$0@?0???$?RV<lambda_886d6c58226a84441f68b9f2b8217b83>@@AEAV<lambda_ab61a845afdef5b7c387490eaf3616ee>@@V<lambda_f7f22ab5edc0698d5f6905b0d3f44752>@@@?$__crt_seh_guarded_call@X@@QEAAX$$QEAV<lambda_886d6c58226a84441f68b9f2b8217b83>@@AEAV<lambda_ab61a845afdef5b7c387490eaf3616ee>@@$$QEAV<lambda_f7f22ab5edc0698d5f6905b0d3f44752>@@@Z@4HA 0000000180019d80     libucrt:fflush.obj
 0004:00000d8c       $pdata$raise$fin$0         0000000180019d8c     libucrt:signal.obj
 0004:00000d98       $pdata$?fin$0@?0???$?RV<lambda_410d79af7f07d98d83a3f525b3859a53>@@AEAV<lambda_3e16ef9562a7dcce91392c22ab16ea36>@@V<lambda_38119f0e861e05405d8a144b9b982f0a>@@@?$__crt_seh_guarded_call@X@@QEAAX$$QEAV<lambda_410d79af7f07d98d83a3f525b3859a53>@@AEAV<lambda_3e16ef9562a7dcce91392c22ab16ea36>@@$$QEAV<lambda_38119f0e861e05405d8a144b9b982f0a>@@@Z@4HA 0000000180019d98     libucrt:wsetlocale.obj
 0004:00000da4       $pdata$?fin$0@?0??update_thread_multibyte_data_internal@@YAPEAU__crt_multibyte_data@@QEAU__acrt_ptd@@QEAPEAU1@@Z@4HA 0000000180019da4     libucrt:mbctype.obj
 0004:00000db0       $pdata$__acrt_initialize_lowio$fin$0 0000000180019db0     libucrt:ioinit.obj
 0004:00000db0       $pdata$__acrt_lowio_ensure_fh_exists$fin$0 0000000180019db0     libucrt:osfinfo.obj
 0004:00000dbc       $pdata$_fcloseall$fin$0    0000000180019dbc     libucrt:closeall.obj
 0004:00000dc8       $pdata$?fin$0@?0???$?RV<lambda_751a882b2c74d4b022dec766aa51a29a>@@AEAV<lambda_628dfdc04ba53c8bfc02c9951375f3f5>@@V<lambda_f6c7be5f7998530c34de24c7437d6b54>@@@?$__crt_seh_guarded_call@H@@QEAAH$$QEAV<lambda_751a882b2c74d4b022dec766aa51a29a>@@AEAV<lambda_628dfdc04ba53c8bfc02c9951375f3f5>@@$$QEAV<lambda_f6c7be5f7998530c34de24c7437d6b54>@@@Z@4HA 0000000180019dc8     libucrt:close.obj
 0004:00000dc8       $pdata$?fin$0@?0???$?RV<lambda_a37b2b86f63e897a80ea819b0eb08c01>@@AEAV<lambda_38ce7e780aa69e748d6df282ebc68efe>@@V<lambda_99fb1378e971ab6e7edea83e3a7a83a2>@@@?$__crt_seh_guarded_call@H@@QEAAH$$QEAV<lambda_a37b2b86f63e897a80ea819b0eb08c01>@@AEAV<lambda_38ce7e780aa69e748d6df282ebc68efe>@@$$QEAV<lambda_99fb1378e971ab6e7edea83e3a7a83a2>@@@Z@4HA 0000000180019dc8     libucrt:commit.obj
 0004:00000dd4       $pdata$_write$fin$0        0000000180019dd4     libucrt:write.obj
 0004:00000de0       $pdata$__acrt_update_thread_locale_data$fin$0 0000000180019de0     libucrt:locale_refcounting.obj
 0004:00000dec       $pdata$fclose$fin$0        0000000180019dec     libucrt:fclose.obj
 0004:00000df8       $pdata$_ctrlfp$filt$0      0000000180019df8     libucrt:fpctrl.obj
 0004:00000e04       $pdata$_IsNonwritableInCurrentImage$filt$0 0000000180019e04     LIBCMT:pesect.obj
 0005:00000060       $R000000                   000000018001a060     * linker generated manifest res *

 Exports

  ordinal    name

        1    _register_hello_
